This is XeTeX, Version 3.141592653-2.6-0.999998 (MiKTeX 26.2) (preloaded format=xelatex 2026.3.20)  30 MAR 2026 08:59
entering extended mode
 restricted \write18 enabled.
 file:line:error style messages enabled.
 %&-line parsing enabled.
**c:/Users/khela/Downloads/DBMS/report/main.tex
(c:/Users/khela/Downloads/DBMS/report/main.tex
LaTeX2e <2025-11-01>
L3 programming layer <2026-01-19>
(D:\Program\Miktex\tex/latex/base\report.cls
Document Class: report 2025/01/22 v1.4n Standard LaTeX document class
(D:\Program\Miktex\tex/latex/base\size12.clo
File: size12.clo 2025/01/22 v1.4n Standard LaTeX file (size option)
)
\c@part=\count271
\c@chapter=\count272
\c@section=\count273
\c@subsection=\count274
\c@subsubsection=\count275
\c@paragraph=\count276
\c@subparagraph=\count277
\c@figure=\count278
\c@table=\count279
\abovecaptionskip=\skip49
\belowcaptionskip=\skip50
\bibindent=\dimen148
)
(D:\Program\Miktex\tex/latex/graphics\graphicx.sty
Package: graphicx 2024/12/31 v1.2e Enhanced LaTeX Graphics (DPC,SPQR)

(D:\Program\Miktex\tex/latex/graphics\keyval.sty
Package: keyval 2022/05/29 v1.15 key=value parser (DPC)
\KV@toks@=\toks17
)
(D:\Program\Miktex\tex/latex/graphics\graphics.sty
Package: graphics 2024/08/06 v1.4g Standard LaTeX Graphics (DPC,SPQR)

(D:\Program\Miktex\tex/latex/graphics\trig.sty
Package: trig 2023/12/02 v1.11 sin cos tan (DPC)
)
(D:\Program\Miktex\tex/latex/graphics-cfg\graphics.cfg
File: graphics.cfg 2016/06/04 v1.11 sample graphics configuration
)
Package graphics Info: Driver file: xetex.def on input line 106.

(D:\Program\Miktex\tex/latex/graphics-def\xetex.def
File: xetex.def 2025/11/01 v5.0p Graphics/color driver for xetex
))
\Gin@req@height=\dimen149
\Gin@req@width=\dimen150
)
(D:\Program\Miktex\tex/latex/fontspec\fontspec.sty
(D:\Program\Miktex\tex/latex/l3packages/xparse\xparse.sty
(D:\Program\Miktex\tex/latex/l3kernel\expl3.sty
Package: expl3 2026-01-19 L3 programming layer (loader) 

(D:\Program\Miktex\tex/latex/l3backend\l3backend-xetex.def
File: l3backend-xetex.def 2025-10-09 L3 backend support: XeTeX
\g__graphics_track_int=\count280
\g__pdfannot_backend_int=\count281
\g__pdfannot_backend_link_int=\count282
))
Package: xparse 2025-10-09 L3 Experimental document command parser
)
Package: fontspec 2025/09/29 v2.9g Font selection for XeLaTeX and LuaLaTeX

(D:\Program\Miktex\tex/latex/fontspec\fontspec-xetex.sty
Package: fontspec-xetex 2025/09/29 v2.9g Font selection for XeLaTeX and LuaLaTe
X
\l__fontspec_script_int=\count283
\l__fontspec_language_int=\count284
\l__fontspec_strnum_int=\count285
\l__fontspec_tmp_int=\count286
\l__fontspec_tmpa_int=\count287
\l__fontspec_tmpb_int=\count288
\l__fontspec_tmpc_int=\count289
\l__fontspec_em_int=\count290
\l__fontspec_emdef_int=\count291
\l__fontspec_strong_int=\count292
\l__fontspec_strongdef_int=\count293
\l__fontspec_tmpa_dim=\dimen151
\l__fontspec_tmpb_dim=\dimen152
\l__fontspec_tmpc_dim=\dimen153

(D:\Program\Miktex\tex/latex/base\fontenc.sty
Package: fontenc 2025/07/18 v2.1d Standard LaTeX package
)
(D:\Program\Miktex\tex/latex/fontspec\fontspec.cfg)))
(D:\Program\Miktex\tex/latex/polyglossia\polyglossia.sty
Package: polyglossia 2025/12/01 v2.9 Modern multilingual typesetting with XeLaT
eX and LuaLaTeX

(D:\Program\Miktex\tex/latex/etoolbox\etoolbox.sty
Package: etoolbox 2025/10/02 v2.5m e-TeX tools for LaTeX (JAW)
\etb@tempcnta=\count294
)
(D:\Program\Miktex\tex/generic/iftex\iftex.sty
Package: iftex 2024/12/12 v1.0g TeX engine tests
)
\l_xpg_alias_keyvals_int=\count295

(D:\Program\Miktex\tex/latex/polyglossia\gloss-latex.ldf
File: gloss-latex.ldf polyglossia: module for default language
))
(D:\Program\Miktex\tex/latex/polyglossia\gloss-vietnamese.ldf
File: gloss-vietnamese.ldf polyglossia: module for Vietnamese
)

Package polyglossia Info: Default language is vietnamese


Package fontspec Info: 
(fontspec)             Font family 'TimesNewRoman(0)' created for font 'Times
(fontspec)             New Roman' with options [Ligatures=TeX].
(fontspec)              
(fontspec)              This font family consists of the following NFSS
(fontspec)             series/shapes:
(fontspec)              
(fontspec)             - 'normal' (m/n) with NFSS spec.: <->"Times New
(fontspec)             Roman/OT:script=latn;language=dflt;mapping=tex-text;"
(fontspec)             - 'small caps'  (m/sc) with NFSS spec.: <->"Times New
(fontspec)             Roman/OT:script=latn;language=dflt;+smcp;mapping=tex-tex
t;"
(fontspec)             - 'bold' (b/n) with NFSS spec.: <->"Times New
(fontspec)             Roman/B/OT:script=latn;language=dflt;mapping=tex-text;"
(fontspec)             - 'bold small caps'  (b/sc) with NFSS spec.: <->"Times
(fontspec)             New
(fontspec)             Roman/B/OT:script=latn;language=dflt;+smcp;mapping=tex-t
ext;"
(fontspec)             - 'italic' (m/it) with NFSS spec.: <->"Times New
(fontspec)             Roman/I/OT:script=latn;language=dflt;mapping=tex-text;"
(fontspec)             - 'italic small caps'  (m/scit) with NFSS spec.:
(fontspec)             <->"Times New
(fontspec)             Roman/I/OT:script=latn;language=dflt;+smcp;mapping=tex-t
ext;"
(fontspec)             - 'bold italic' (b/it) with NFSS spec.: <->"Times New
(fontspec)             Roman/BI/OT:script=latn;language=dflt;mapping=tex-text;"

(fontspec)             - 'bold italic small caps'  (b/scit) with NFSS spec.:
(fontspec)             <->"Times New
(fontspec)             Roman/BI/OT:script=latn;language=dflt;+smcp;mapping=tex-
text;"


Package fontspec Info: 
(fontspec)             Font family 'Arial(0)' created for font 'Arial' with
(fontspec)             options [Ligatures=TeX].
(fontspec)              
(fontspec)              This font family consists of the following NFSS
(fontspec)             series/shapes:
(fontspec)              
(fontspec)             - 'normal' (m/n) with NFSS spec.:
(fontspec)             <->"Arial/OT:script=latn;language=dflt;mapping=tex-text;
"
(fontspec)             - 'small caps'  (m/sc) with NFSS spec.:
(fontspec)             <->"Arial/OT:script=latn;language=dflt;+smcp;mapping=tex
-text;"
(fontspec)             - 'bold' (b/n) with NFSS spec.:
(fontspec)             <->"Arial/B/OT:script=latn;language=dflt;mapping=tex-tex
t;"
(fontspec)             - 'bold small caps'  (b/sc) with NFSS spec.:
(fontspec)             <->"Arial/B/OT:script=latn;language=dflt;+smcp;mapping=t
ex-text;"
(fontspec)             - 'italic' (m/it) with NFSS spec.:
(fontspec)             <->"Arial/I/OT:script=latn;language=dflt;mapping=tex-tex
t;"
(fontspec)             - 'italic small caps'  (m/scit) with NFSS spec.:
(fontspec)             <->"Arial/I/OT:script=latn;language=dflt;+smcp;mapping=t
ex-text;"
(fontspec)             - 'bold italic' (b/it) with NFSS spec.:
(fontspec)             <->"Arial/BI/OT:script=latn;language=dflt;mapping=tex-te
xt;"
(fontspec)             - 'bold italic small caps'  (b/scit) with NFSS spec.:
(fontspec)             <->"Arial/BI/OT:script=latn;language=dflt;+smcp;mapping=
tex-text;"


Package fontspec Info: 
(fontspec)             Font family 'CourierNew(0)' created for font 'Courier
(fontspec)             New' with options
(fontspec)             [WordSpace={1,0,0},HyphenChar=None,PunctuationSpace=Word
Space].
(fontspec)              
(fontspec)              This font family consists of the following NFSS
(fontspec)             series/shapes:
(fontspec)              
(fontspec)             - 'normal' (m/n) with NFSS spec.: <->"Courier
(fontspec)             New/OT:script=latn;language=dflt;"
(fontspec)             - 'bold' (b/n) with NFSS spec.: <->"Courier
(fontspec)             New/B/OT:script=latn;language=dflt;"
(fontspec)             - 'italic' (m/it) with NFSS spec.: <->"Courier
(fontspec)             New/I/OT:script=latn;language=dflt;"
(fontspec)             - 'bold italic' (b/it) with NFSS spec.: <->"Courier
(fontspec)             New/BI/OT:script=latn;language=dflt;"


(D:\Program\Miktex\tex/latex/adjustbox\adjustbox.sty
Package: adjustbox 2025/02/26 v1.3c Adjusting TeX boxes (trim, clip, ...)

(D:\Program\Miktex\tex/latex/xkeyval\xkeyval.sty
Package: xkeyval 2022/06/16 v2.9 package option processing (HA)

(D:\Program\Miktex\tex/generic/xkeyval\xkeyval.tex
(D:\Program\Miktex\tex/generic/xkeyval\xkvutils.tex
\XKV@toks=\toks18
\XKV@tempa@toks=\toks19
)
\XKV@depth=\count296
File: xkeyval.tex 2014/12/03 v2.7a key=value parser (HA)
))
(D:\Program\Miktex\tex/latex/adjustbox\adjcalc.sty
Package: adjcalc 2012/05/16 v1.1 Provides advanced setlength with multiple back
-ends (calc, etex, pgfmath)
)
(D:\Program\Miktex\tex/latex/adjustbox\trimclip.sty
Package: trimclip 2025/02/21 v1.2a Trim and clip general TeX material

(D:\Program\Miktex\tex/latex/collectbox\collectbox.sty
Package: collectbox 2022/10/17 v0.4c Collect macro arguments as boxes
\collectedbox=\box53
)
\tc@llx=\dimen154
\tc@lly=\dimen155
\tc@urx=\dimen156
\tc@ury=\dimen157
Package trimclip Info: Using driver 'tc-xetex.def'.

(D:\Program\Miktex\tex/latex/adjustbox\tc-xetex.def
File: tc-xetex.def 2019/01/04 v2.2 Clipping driver for xetex
))
\adjbox@Width=\dimen158
\adjbox@Height=\dimen159
\adjbox@Depth=\dimen160
\adjbox@Totalheight=\dimen161
\adjbox@pwidth=\dimen162
\adjbox@pheight=\dimen163
\adjbox@pdepth=\dimen164
\adjbox@ptotalheight=\dimen165

(D:\Program\Miktex\tex/latex/ifoddpage\ifoddpage.sty
Package: ifoddpage 2022/10/18 v1.2 Conditionals for odd/even page detection
\c@checkoddpage=\count297
)
(D:\Program\Miktex\tex/latex/varwidth\varwidth.sty
Package: varwidth 2009/03/30 ver 0.92;  Variable-width minipages
\@vwid@box=\box54
\sift@deathcycles=\count298
\@vwid@loff=\dimen166
\@vwid@roff=\dimen167
)
==> First Aid for varwidth.sty applied!
) (D:\Program\Miktex\tex/latex/tools\array.sty
Package: array 2025/09/25 v2.6n Tabular extension package (FMi)
\col@sep=\dimen168
\ar@mcellbox=\box55
\extrarowheight=\dimen169
\NC@list=\toks20
\extratabsurround=\skip51
\backup@length=\skip52
\ar@cellbox=\box56
)
(D:\Program\Miktex\tex/latex/hyperref\hyperref.sty
Package: hyperref 2026-01-29 v7.01p Hypertext links for LaTeX

(D:\Program\Miktex\tex/latex/kvsetkeys\kvsetkeys.sty
Package: kvsetkeys 2022-10-05 v1.19 Key value parser (HO)
)
(D:\Program\Miktex\tex/generic/kvdefinekeys\kvdefinekeys.sty
Package: kvdefinekeys 2019-12-19 v1.6 Define keys (HO)
)
(D:\Program\Miktex\tex/generic/pdfescape\pdfescape.sty
Package: pdfescape 2019/12/09 v1.15 Implements pdfTeX's escape features (HO)

(D:\Program\Miktex\tex/generic/ltxcmds\ltxcmds.sty
Package: ltxcmds 2023-12-04 v1.26 LaTeX kernel commands for general use (HO)
)
(D:\Program\Miktex\tex/generic/pdftexcmds\pdftexcmds.sty
Package: pdftexcmds 2020-06-27 v0.33 Utility functions of pdfTeX for LuaTeX (HO
)

(D:\Program\Miktex\tex/generic/infwarerr\infwarerr.sty
Package: infwarerr 2019/12/03 v1.5 Providing info/warning/error messages (HO)
)
Package pdftexcmds Info: \pdf@primitive is available.
Package pdftexcmds Info: \pdf@ifprimitive is available.
Package pdftexcmds Info: \pdfdraftmode not found.
))
(D:\Program\Miktex\tex/latex/hycolor\hycolor.sty
Package: hycolor 2020-01-27 v1.10 Color options for hyperref/bookmark (HO)
)
(D:\Program\Miktex\tex/latex/hyperref\nameref.sty
Package: nameref 2026-01-29 v2.58 Cross-referencing by name of section

(D:\Program\Miktex\tex/latex/refcount\refcount.sty
Package: refcount 2019/12/15 v3.6 Data extraction from label references (HO)
)
(D:\Program\Miktex\tex/generic/gettitlestring\gettitlestring.sty
Package: gettitlestring 2019/12/15 v1.6 Cleanup title references (HO)

(D:\Program\Miktex\tex/latex/kvoptions\kvoptions.sty
Package: kvoptions 2022-06-15 v3.15 Key value format for package options (HO)
))
\c@section@level=\count299
)
(D:\Program\Miktex\tex/generic/stringenc\stringenc.sty
Package: stringenc 2019/11/29 v1.12 Convert strings between diff. encodings (HO
)
)
\@linkdim=\dimen170
\Hy@linkcounter=\count300
\Hy@pagecounter=\count301

(D:\Program\Miktex\tex/latex/hyperref\pd1enc.def
File: pd1enc.def 2026-01-29 v7.01p Hyperref: PDFDocEncoding definition (HO)
)
(D:\Program\Miktex\tex/generic/intcalc\intcalc.sty
Package: intcalc 2019/12/15 v1.3 Expandable calculations with integers (HO)
)
\Hy@SavedSpaceFactor=\count302

(D:\Program\Miktex\tex/latex/hyperref\puenc.def
File: puenc.def 2026-01-29 v7.01p Hyperref: PDF Unicode definition (HO)
)
Package hyperref Info: Hyper figures OFF on input line 4201.
Package hyperref Info: Link nesting OFF on input line 4206.
Package hyperref Info: Hyper index ON on input line 4209.
Package hyperref Info: Plain pages OFF on input line 4216.
Package hyperref Info: Backreferencing OFF on input line 4221.
Package hyperref Info: Implicit mode ON; LaTeX internals redefined.
Package hyperref Info: Bookmarks ON on input line 4468.
\c@Hy@tempcnt=\count303

(D:\Program\Miktex\tex/latex/url\url.sty
\Urlmuskip=\muskip17
Package: url 2013/09/16  ver 3.4  Verb mode for urls, etc.
)
LaTeX Info: Redefining \url on input line 4807.
\XeTeXLinkMargin=\dimen171

(D:\Program\Miktex\tex/generic/bitset\bitset.sty
Package: bitset 2019/12/09 v1.3 Handle bit-vector datatype (HO)

(D:\Program\Miktex\tex/generic/bigintcalc\bigintcalc.sty
Package: bigintcalc 2019/12/15 v1.5 Expandable calculations on big integers (HO
)
))
\Fld@menulength=\count304
\Field@Width=\dimen172
\Fld@charsize=\dimen173
Package hyperref Info: Hyper figures OFF on input line 6084.
Package hyperref Info: Link nesting OFF on input line 6089.
Package hyperref Info: Hyper index ON on input line 6092.
Package hyperref Info: backreferencing OFF on input line 6099.
Package hyperref Info: Link coloring OFF on input line 6104.
Package hyperref Info: Link coloring with OCG OFF on input line 6109.
Package hyperref Info: PDF/A mode OFF on input line 6114.
\Hy@abspage=\count305
\c@Item=\count306
\c@Hfootnote=\count307
)
Package hyperref Info: Driver (autodetected): hxetex.

(D:\Program\Miktex\tex/latex/hyperref\hxetex.def
File: hxetex.def 2026-01-29 v7.01p Hyperref driver for XeTeX
\pdfm@box=\box57
\c@Hy@AnnotLevel=\count308
\HyField@AnnotCount=\count309
\Fld@listcount=\count310
\c@bookmark@seq@number=\count311

(D:\Program\Miktex\tex/latex/rerunfilecheck\rerunfilecheck.sty
Package: rerunfilecheck 2025-06-21 v1.11 Rerun checks for auxiliary files (HO)

(D:\Program\Miktex\tex/generic/uniquecounter\uniquecounter.sty
Package: uniquecounter 2019/12/15 v1.4 Provide unlimited unique counter (HO)
)
Package uniquecounter Info: New unique counter `rerunfilecheck' on input line 2
84.
)
\Hy@SectionHShift=\skip53
)
(D:\Program\Miktex\tex/latex/tools\longtable.sty
Package: longtable 2025-10-13 v4.24 Multi-page Table package (DPC)
\LTleft=\skip54
\LTright=\skip55
\LTpre=\skip56
\LTpost=\skip57
\LTchunksize=\count312
\LTcapwidth=\dimen174
\LT@head=\box58
\LT@firsthead=\box59
\LT@foot=\box60
\LT@lastfoot=\box61
\LT@gbox=\box62
\LT@cols=\count313
\LT@rows=\count314
\c@LT@tables=\count315
\c@LT@chunks=\count316
\LT@p@ftn=\toks21
)
(D:\Program\Miktex\tex/latex/geometry\geometry.sty
Package: geometry 2026/03/07 v6.0 Page Geometry

(D:\Program\Miktex\tex/generic/iftex\ifvtex.sty
Package: ifvtex 2019/10/25 v1.7 ifvtex legacy package. Use iftex instead.
)
\Gm@cnth=\count317
\Gm@cntv=\count318
\c@Gm@tempcnt=\count319
\Gm@bindingoffset=\dimen175
\Gm@wd@mp=\dimen176
\Gm@odd@mp=\dimen177
\Gm@even@mp=\dimen178
\Gm@layoutwidth=\dimen179
\Gm@layoutheight=\dimen180
\Gm@layouthoffset=\dimen181
\Gm@layoutvoffset=\dimen182
\Gm@dimlist=\toks22

(D:\Program\Miktex\tex/latex/geometry\geometry.cfg))
(D:\Program\Miktex\tex/latex/setspace\setspace.sty
Package: setspace 2022/12/04 v6.7b set line spacing
)
(D:\Program\Miktex\tex/latex/fancyvrb\fancyvrb.sty
Package: fancyvrb 2025/07/28 4.6 verbatim text (tvz,hv)
\FV@CodeLineNo=\count320
\FV@InFile=\read2
\FV@TabBox=\box63
\c@FancyVerbLine=\count321
\FV@StepNumber=\count322
\FV@OutFile=\write3
)
(D:\Program\Miktex\tex/latex/fancyhdr\fancyhdr.sty
Package: fancyhdr 2025/02/07 v5.2 Extensive control of page headers and footers

\f@nch@headwidth=\skip58
\f@nch@offset@elh=\skip59
\f@nch@offset@erh=\skip60
\f@nch@offset@olh=\skip61
\f@nch@offset@orh=\skip62
\f@nch@offset@elf=\skip63
\f@nch@offset@erf=\skip64
\f@nch@offset@olf=\skip65
\f@nch@offset@orf=\skip66
\f@nch@height=\skip67
\f@nch@footalignment=\skip68
\f@nch@widthL=\skip69
\f@nch@widthC=\skip70
\f@nch@widthR=\skip71
\@temptokenb=\toks23
)
(D:\Program\Miktex\tex/latex/lastpage\lastpage.sty
Package: lastpage 2025/08/14 v2.1h lastpage: 2.09 or 2e? (HMM)

(D:\Program\Miktex\tex/latex/lastpage\lastpage2e.sty
Package: lastpage2e 2025/08/14 v2.1h Decide which 2e lastpage version to use (H
MM)

(D:\Program\Miktex\tex/latex/lastpage\lastpagemodern.sty
Package: lastpagemodern 2025-08-14 v2.1h Refers to last page's name (HMM; JPG)
\c@lastpagecount=\count323
) 
)) (D:\Program\Miktex\tex/latex/float\float.sty
Package: float 2001/11/08 v1.3d Float enhancements (AL)
\c@float@type=\count324
\float@exts=\toks24
\float@box=\box64
\@float@everytoks=\toks25
\@floatcapt=\box65
)
(D:\Program\Miktex\tex/latex/tools\tabularx.sty
Package: tabularx 2023/12/11 v2.12a `tabularx' package (DPC)
\TX@col@width=\dimen183
\TX@old@table=\dimen184
\TX@old@col=\dimen185
\TX@target=\dimen186
\TX@delta=\dimen187
\TX@cols=\count325
\TX@ftn=\toks26
)
(D:\Program\Miktex\tex/latex/xcolor\xcolor.sty
Package: xcolor 2024/09/29 v3.02 LaTeX color extensions (UK)

(D:\Program\Miktex\tex/latex/graphics-cfg\color.cfg
File: color.cfg 2016/01/02 v1.6 sample color configuration
)
Package xcolor Info: Driver file: xetex.def on input line 274.

(D:\Program\Miktex\tex/latex/graphics\mathcolor.ltx)
Package xcolor Info: Model `cmy' substituted by `cmy0' on input line 1349.
Package xcolor Info: Model `RGB' extended on input line 1365.
Package xcolor Info: Model `HTML' substituted by `rgb' on input line 1367.
Package xcolor Info: Model `Hsb' substituted by `hsb' on input line 1368.
Package xcolor Info: Model `tHsb' substituted by `hsb' on input line 1369.
Package xcolor Info: Model `HSB' substituted by `hsb' on input line 1370.
Package xcolor Info: Model `Gray' substituted by `gray' on input line 1371.
Package xcolor Info: Model `wave' substituted by `hsb' on input line 1372.
)
(D:\Program\Miktex\tex/latex/pgf/frontendlayer\tikz.sty
(D:\Program\Miktex\tex/latex/pgf/basiclayer\pgf.sty
(D:\Program\Miktex\tex/latex/pgf/utilities\pgfrcs.sty
(D:\Program\Miktex\tex/generic/pgf/utilities\pgfutil-common.tex
\pgfutil@everybye=\toks27
\pgfutil@tempdima=\dimen188
\pgfutil@tempdimb=\dimen189
)
(D:\Program\Miktex\tex/generic/pgf/utilities\pgfutil-latex.def
\pgfutil@abb=\box66
)
(D:\Program\Miktex\tex/generic/pgf/utilities\pgfrcs.code.tex
(D:\Program\Miktex\tex/generic/pgf\pgf.revision.tex)
Package: pgfrcs 2025-08-29 v3.1.11a (3.1.11a)
))
Package: pgf 2025-08-29 v3.1.11a (3.1.11a)

(D:\Program\Miktex\tex/latex/pgf/basiclayer\pgfcore.sty
(D:\Program\Miktex\tex/latex/pgf/systemlayer\pgfsys.sty
(D:\Program\Miktex\tex/generic/pgf/systemlayer\pgfsys.code.tex
Package: pgfsys 2025-08-29 v3.1.11a (3.1.11a)

(D:\Program\Miktex\tex/generic/pgf/utilities\pgfkeys.code.tex
\pgfkeys@pathtoks=\toks28
\pgfkeys@temptoks=\toks29

(D:\Program\Miktex\tex/generic/pgf/utilities\pgfkeyslibraryfiltered.code.tex
\pgfkeys@tmptoks=\toks30
))
\pgf@x=\dimen190
\pgf@y=\dimen191
\pgf@xa=\dimen192
\pgf@ya=\dimen193
\pgf@xb=\dimen194
\pgf@yb=\dimen195
\pgf@xc=\dimen196
\pgf@yc=\dimen197
\pgf@xd=\dimen198
\pgf@yd=\dimen199
\w@pgf@writea=\write4
\r@pgf@reada=\read3
\c@pgf@counta=\count326
\c@pgf@countb=\count327
\c@pgf@countc=\count328
\c@pgf@countd=\count329
\t@pgf@toka=\toks31
\t@pgf@tokb=\toks32
\t@pgf@tokc=\toks33
\pgf@sys@id@count=\count330

(D:\Program\Miktex\tex/generic/pgf/systemlayer\pgf.cfg
File: pgf.cfg 2025-08-29 v3.1.11a (3.1.11a)
)
Driver file for pgf: pgfsys-xetex.def

(D:\Program\Miktex\tex/generic/pgf/systemlayer\pgfsys-xetex.def
File: pgfsys-xetex.def 2025-08-29 v3.1.11a (3.1.11a)

(D:\Program\Miktex\tex/generic/pgf/systemlayer\pgfsys-dvipdfmx.def
File: pgfsys-dvipdfmx.def 2025-08-29 v3.1.11a (3.1.11a)

(D:\Program\Miktex\tex/generic/pgf/systemlayer\pgfsys-common-pdf.def
File: pgfsys-common-pdf.def 2025-08-29 v3.1.11a (3.1.11a)
)
\pgfsys@objnum=\count331
)))
(D:\Program\Miktex\tex/generic/pgf/systemlayer\pgfsyssoftpath.code.tex
File: pgfsyssoftpath.code.tex 2025-08-29 v3.1.11a (3.1.11a)
\pgfsyssoftpath@smallbuffer@items=\count332
\pgfsyssoftpath@bigbuffer@items=\count333
)
(D:\Program\Miktex\tex/generic/pgf/systemlayer\pgfsysprotocol.code.tex
File: pgfsysprotocol.code.tex 2025-08-29 v3.1.11a (3.1.11a)
))
(D:\Program\Miktex\tex/generic/pgf/basiclayer\pgfcore.code.tex
Package: pgfcore 2025-08-29 v3.1.11a (3.1.11a)

(D:\Program\Miktex\tex/generic/pgf/math\pgfmath.code.tex
(D:\Program\Miktex\tex/generic/pgf/math\pgfmathutil.code.tex)
(D:\Program\Miktex\tex/generic/pgf/math\pgfmathparser.code.tex
\pgfmath@dimen=\dimen256
\pgfmath@count=\count334
\pgfmath@box=\box67
\pgfmath@toks=\toks34
\pgfmath@stack@operand=\toks35
\pgfmath@stack@operation=\toks36
)
(D:\Program\Miktex\tex/generic/pgf/math\pgfmathfunctions.code.tex)
(D:\Program\Miktex\tex/generic/pgf/math\pgfmathfunctions.basic.code.tex)
(D:\Program\Miktex\tex/generic/pgf/math\pgfmathfunctions.trigonometric.code.tex
) (D:\Program\Miktex\tex/generic/pgf/math\pgfmathfunctions.random.code.tex)
(D:\Program\Miktex\tex/generic/pgf/math\pgfmathfunctions.comparison.code.tex)
(D:\Program\Miktex\tex/generic/pgf/math\pgfmathfunctions.base.code.tex)
(D:\Program\Miktex\tex/generic/pgf/math\pgfmathfunctions.round.code.tex)
(D:\Program\Miktex\tex/generic/pgf/math\pgfmathfunctions.misc.code.tex)
(D:\Program\Miktex\tex/generic/pgf/math\pgfmathfunctions.integerarithmetics.cod
e.tex) (D:\Program\Miktex\tex/generic/pgf/math\pgfmathcalc.code.tex)
(D:\Program\Miktex\tex/generic/pgf/math\pgfmathfloat.code.tex
\c@pgfmathroundto@lastzeros=\count335
))
(D:\Program\Miktex\tex/generic/pgf/math\pgfint.code.tex)
(D:\Program\Miktex\tex/generic/pgf/basiclayer\pgfcorepoints.code.tex
File: pgfcorepoints.code.tex 2025-08-29 v3.1.11a (3.1.11a)
\pgf@picminx=\dimen257
\pgf@picmaxx=\dimen258
\pgf@picminy=\dimen259
\pgf@picmaxy=\dimen260
\pgf@pathminx=\dimen261
\pgf@pathmaxx=\dimen262
\pgf@pathminy=\dimen263
\pgf@pathmaxy=\dimen264
\pgf@xx=\dimen265
\pgf@xy=\dimen266
\pgf@yx=\dimen267
\pgf@yy=\dimen268
\pgf@zx=\dimen269
\pgf@zy=\dimen270
)
(D:\Program\Miktex\tex/generic/pgf/basiclayer\pgfcorepathconstruct.code.tex
File: pgfcorepathconstruct.code.tex 2025-08-29 v3.1.11a (3.1.11a)
\pgf@path@lastx=\dimen271
\pgf@path@lasty=\dimen272
)
(D:\Program\Miktex\tex/generic/pgf/basiclayer\pgfcorepathusage.code.tex
File: pgfcorepathusage.code.tex 2025-08-29 v3.1.11a (3.1.11a)
\pgf@shorten@end@additional=\dimen273
\pgf@shorten@start@additional=\dimen274
)
(D:\Program\Miktex\tex/generic/pgf/basiclayer\pgfcorescopes.code.tex
File: pgfcorescopes.code.tex 2025-08-29 v3.1.11a (3.1.11a)
\pgfpic=\box68
\pgf@hbox=\box69
\pgf@layerbox@main=\box70
\pgf@picture@serial@count=\count336
)
(D:\Program\Miktex\tex/generic/pgf/basiclayer\pgfcoregraphicstate.code.tex
File: pgfcoregraphicstate.code.tex 2025-08-29 v3.1.11a (3.1.11a)
\pgflinewidth=\dimen275
)
(D:\Program\Miktex\tex/generic/pgf/basiclayer\pgfcoretransformations.code.tex
File: pgfcoretransformations.code.tex 2025-08-29 v3.1.11a (3.1.11a)
\pgf@pt@x=\dimen276
\pgf@pt@y=\dimen277
\pgf@pt@temp=\dimen278
)
(D:\Program\Miktex\tex/generic/pgf/basiclayer\pgfcorequick.code.tex
File: pgfcorequick.code.tex 2025-08-29 v3.1.11a (3.1.11a)
)
(D:\Program\Miktex\tex/generic/pgf/basiclayer\pgfcoreobjects.code.tex
File: pgfcoreobjects.code.tex 2025-08-29 v3.1.11a (3.1.11a)
)
(D:\Program\Miktex\tex/generic/pgf/basiclayer\pgfcorepathprocessing.code.tex
File: pgfcorepathprocessing.code.tex 2025-08-29 v3.1.11a (3.1.11a)
)
(D:\Program\Miktex\tex/generic/pgf/basiclayer\pgfcorearrows.code.tex
File: pgfcorearrows.code.tex 2025-08-29 v3.1.11a (3.1.11a)
\pgfarrowsep=\dimen279
)
(D:\Program\Miktex\tex/generic/pgf/basiclayer\pgfcoreshade.code.tex
File: pgfcoreshade.code.tex 2025-08-29 v3.1.11a (3.1.11a)
\pgf@max=\dimen280
\pgf@sys@shading@range@num=\count337
\pgf@shadingcount=\count338
)
(D:\Program\Miktex\tex/generic/pgf/basiclayer\pgfcoreimage.code.tex
File: pgfcoreimage.code.tex 2025-08-29 v3.1.11a (3.1.11a)
)
(D:\Program\Miktex\tex/generic/pgf/basiclayer\pgfcoreexternal.code.tex
File: pgfcoreexternal.code.tex 2025-08-29 v3.1.11a (3.1.11a)
\pgfexternal@startupbox=\box71
)
(D:\Program\Miktex\tex/generic/pgf/basiclayer\pgfcorelayers.code.tex
File: pgfcorelayers.code.tex 2025-08-29 v3.1.11a (3.1.11a)
)
(D:\Program\Miktex\tex/generic/pgf/basiclayer\pgfcoretransparency.code.tex
File: pgfcoretransparency.code.tex 2025-08-29 v3.1.11a (3.1.11a)
)
(D:\Program\Miktex\tex/generic/pgf/basiclayer\pgfcorepatterns.code.tex
File: pgfcorepatterns.code.tex 2025-08-29 v3.1.11a (3.1.11a)
)
(D:\Program\Miktex\tex/generic/pgf/basiclayer\pgfcorerdf.code.tex
File: pgfcorerdf.code.tex 2025-08-29 v3.1.11a (3.1.11a)
)))
(D:\Program\Miktex\tex/generic/pgf/modules\pgfmoduleshapes.code.tex
File: pgfmoduleshapes.code.tex 2025-08-29 v3.1.11a (3.1.11a)
\pgfnodeparttextbox=\box72
)
(D:\Program\Miktex\tex/generic/pgf/modules\pgfmoduleplot.code.tex
File: pgfmoduleplot.code.tex 2025-08-29 v3.1.11a (3.1.11a)
)
(D:\Program\Miktex\tex/latex/pgf/compatibility\pgfcomp-version-0-65.sty
Package: pgfcomp-version-0-65 2025-08-29 v3.1.11a (3.1.11a)
\pgf@nodesepstart=\dimen281
\pgf@nodesepend=\dimen282
)
(D:\Program\Miktex\tex/latex/pgf/compatibility\pgfcomp-version-1-18.sty
Package: pgfcomp-version-1-18 2025-08-29 v3.1.11a (3.1.11a)
))
(D:\Program\Miktex\tex/latex/pgf/utilities\pgffor.sty
(D:\Program\Miktex\tex/latex/pgf/utilities\pgfkeys.sty
(D:\Program\Miktex\tex/generic/pgf/utilities\pgfkeys.code.tex))
(D:\Program\Miktex\tex/latex/pgf/math\pgfmath.sty
(D:\Program\Miktex\tex/generic/pgf/math\pgfmath.code.tex))
(D:\Program\Miktex\tex/generic/pgf/utilities\pgffor.code.tex
Package: pgffor 2025-08-29 v3.1.11a (3.1.11a)
\pgffor@iter=\dimen283
\pgffor@skip=\dimen284
\pgffor@stack=\toks37
\pgffor@toks=\toks38
))
(D:\Program\Miktex\tex/generic/pgf/frontendlayer/tikz\tikz.code.tex
Package: tikz 2025-08-29 v3.1.11a (3.1.11a)

(D:\Program\Miktex\tex/generic/pgf/libraries\pgflibraryplothandlers.code.tex
File: pgflibraryplothandlers.code.tex 2025-08-29 v3.1.11a (3.1.11a)
\pgf@plot@mark@count=\count339
\pgfplotmarksize=\dimen285
)
\tikz@lastx=\dimen286
\tikz@lasty=\dimen287
\tikz@lastxsaved=\dimen288
\tikz@lastysaved=\dimen289
\tikz@lastmovetox=\dimen290
\tikz@lastmovetoy=\dimen291
\tikzleveldistance=\dimen292
\tikzsiblingdistance=\dimen293
\tikz@figbox=\box73
\tikz@figbox@bg=\box74
\tikz@tempbox=\box75
\tikz@tempbox@bg=\box76
\tikztreelevel=\count340
\tikznumberofchildren=\count341
\tikznumberofcurrentchild=\count342
\tikz@fig@count=\count343

(D:\Program\Miktex\tex/generic/pgf/modules\pgfmodulematrix.code.tex
File: pgfmodulematrix.code.tex 2025-08-29 v3.1.11a (3.1.11a)
\pgfmatrixcurrentrow=\count344
\pgfmatrixcurrentcolumn=\count345
\pgf@matrix@numberofcolumns=\count346
)
\tikz@expandcount=\count347

(D:\Program\Miktex\tex/generic/pgf/frontendlayer/tikz/libraries\tikzlibrarytopa
ths.code.tex
File: tikzlibrarytopaths.code.tex 2025-08-29 v3.1.11a (3.1.11a)
))) (D:\Program\Miktex\tex/latex/tcolorbox\tcolorbox.sty
Package: tcolorbox 2025/11/28 version 6.9.0 text color boxes

(D:\Program\Miktex\tex/latex/tools\verbatim.sty
Package: verbatim 2024-01-22 v1.5x LaTeX2e package for verbatim enhancements
\every@verbatim=\toks39
\verbatim@line=\toks40
\verbatim@in@stream=\read4
)
(D:\Program\Miktex\tex/latex/environ\environ.sty
Package: environ 2014/05/04 v0.3 A new way to define environments

(D:\Program\Miktex\tex/latex/trimspaces\trimspaces.sty
Package: trimspaces 2009/09/17 v1.1 Trim spaces around a token list
)
\@envbody=\toks41
)
\tcb@titlebox=\box77
\tcb@upperbox=\box78
\tcb@lowerbox=\box79
\tcb@phantombox=\box80
\c@tcbbreakpart=\count348
\c@tcblayer=\count349
\c@tcolorbox@number=\count350
\l__tcobox_tmpa_box=\box81
\l__tcobox_tmpa_dim=\dimen294
\tcb@temp=\box82
\tcb@temp=\box83
\tcb@temp=\box84
\tcb@temp=\box85

(D:\Program\Miktex\tex/latex/tcolorbox\tcbraster.code.tex
Library (tcolorbox): 'tcbraster.code.tex' version '6.9.0'
\c@tcbrastercolumn=\count351
\c@tcbrasterrow=\count352
\c@tcbrasternum=\count353
\c@tcbraster=\count354
) (D:\Program\Miktex\tex/latex/tcolorbox\tcbskins.code.tex
Library (tcolorbox): 'tcbskins.code.tex' version '6.9.0'
(D:\Program\Miktex\tex/latex/tikzfill\tikzfill.image.sty
Package: tikzfill.image 2023/08/08 v1.0.1 Image filling library for TikZ

(D:\Program\Miktex\tex/latex/tikzfill\tikzfill-common.sty
Package: tikzfill-common 2023/08/08 v1.0.1 Auxiliary code for tikzfill
)
(D:\Program\Miktex\tex/latex/tikzfill\tikzlibraryfill.image.code.tex
File: tikzlibraryfill.image.code.tex 2023/08/08 v1.0.1 Image filling library
\l__tikzfill_img_box=\box86
))
(D:\Program\Miktex\tex/latex/tcolorbox\tcbskinsjigsaw.code.tex
Library (tcolorbox): 'tcbskinsjigsaw.code.tex' version '6.9.0'
)) (D:\Program\Miktex\tex/latex/tcolorbox\tcbbreakable.code.tex
Library (tcolorbox): 'tcbbreakable.code.tex' version '6.9.0'
(D:\Program\Miktex\tex/latex/pdfcol\pdfcol.sty
Package: pdfcol 2022-09-21 v1.7 Handle new color stacks for pdfTeX (HO)
Package pdfcol Info: Interface disabled because of missing PDF mode of pdfTeX.
)
Package pdfcol Info: pdfTeX's color stacks are not available.
\tcb@testbox=\box87
\tcb@totalupperbox=\box88
\tcb@totallowerbox=\box89
)
(D:\Program\Miktex\tex/latex/tcolorbox\tcbhooks.code.tex
Library (tcolorbox): 'tcbhooks.code.tex' version '6.9.0'
) (D:\Program\Miktex\tex/latex/tcolorbox\tcbtheorems.code.tex
Library (tcolorbox): 'tcbtheorems.code.tex' version '6.9.0'
(D:\Program\Miktex\tex/latex/amsmath\amsmath.sty
Package: amsmath 2025/07/09 v2.17z AMS math features
\@mathmargin=\skip72

For additional information on amsmath, use the `?' option.
(D:\Program\Miktex\tex/latex/amsmath\amstext.sty
Package: amstext 2024/11/17 v2.01 AMS text

(D:\Program\Miktex\tex/latex/amsmath\amsgen.sty
File: amsgen.sty 1999/11/30 v2.0 generic functions
\@emptytoks=\toks42
\ex@=\dimen295
))
(D:\Program\Miktex\tex/latex/amsmath\amsbsy.sty
Package: amsbsy 1999/11/29 v1.2d Bold Symbols
\pmbraise@=\dimen296
)
(D:\Program\Miktex\tex/latex/amsmath\amsopn.sty
Package: amsopn 2022/04/08 v2.04 operator names
)
\inf@bad=\count355
LaTeX Info: Redefining \frac on input line 233.
\uproot@=\count356
\leftroot@=\count357
LaTeX Info: Redefining \overline on input line 398.
LaTeX Info: Redefining \colon on input line 409.
\classnum@=\count358
\DOTSCASE@=\count359
LaTeX Info: Redefining \ldots on input line 495.
LaTeX Info: Redefining \dots on input line 498.
LaTeX Info: Redefining \cdots on input line 619.
\Mathstrutbox@=\box90
\strutbox@=\box91
LaTeX Info: Redefining \big on input line 721.
LaTeX Info: Redefining \Big on input line 722.
LaTeX Info: Redefining \bigg on input line 723.
LaTeX Info: Redefining \Bigg on input line 724.
\big@size=\dimen297
LaTeX Font Info:    Redeclaring font encoding OML on input line 742.
LaTeX Font Info:    Redeclaring font encoding OMS on input line 743.
\macc@depth=\count360
LaTeX Info: Redefining \bmod on input line 904.
LaTeX Info: Redefining \pmod on input line 909.
LaTeX Info: Redefining \smash on input line 939.
LaTeX Info: Redefining \relbar on input line 969.
LaTeX Info: Redefining \Relbar on input line 970.
\c@MaxMatrixCols=\count361
\dotsspace@=\muskip18
\c@parentequation=\count362
\dspbrk@lvl=\count363
\tag@help=\toks43
\row@=\count364
\column@=\count365
\maxfields@=\count366
\andhelp@=\toks44
\eqnshift@=\dimen298
\alignsep@=\dimen299
\tagshift@=\dimen300
\tagwidth@=\dimen301
\totwidth@=\dimen302
\lineht@=\dimen303
\@envbody=\toks45
\multlinegap=\skip73
\multlinetaggap=\skip74
\mathdisplay@stack=\toks46
LaTeX Info: Redefining \[ on input line 2950.
LaTeX Info: Redefining \] on input line 2951.
))
(D:\Program\Miktex\tex/latex/tcolorbox\tcbfitting.code.tex
Library (tcolorbox): 'tcbfitting.code.tex' version '6.9.0'
\tcbfitdim=\dimen304
\tcb@lowerfitdim=\dimen305
\tcb@upperfitdim=\dimen306
\tcb@cur@hbadness=\count367
) (D:\Program\Miktex\tex/latex/tcolorbox\tcblistingsutf8.code.tex
Library (tcolorbox): 'tcblistingsutf8.code.tex' version '6.9.0'
(D:\Program\Miktex\tex/latex/tcolorbox\tcblistings.code.tex
Library (tcolorbox): 'tcblistings.code.tex' version '6.9.0'
(D:\Program\Miktex\tex/latex/listings\listings.sty
\lst@mode=\count368
\lst@gtempboxa=\box92
\lst@token=\toks47
\lst@length=\count369
\lst@currlwidth=\dimen307
\lst@column=\count370
\lst@pos=\count371
\lst@lostspace=\dimen308
\lst@width=\dimen309
\lst@newlines=\count372
\lst@lineno=\count373
\lst@maxwidth=\dimen310

(D:\Program\Miktex\tex/latex/listings\lstpatch.sty
File: lstpatch.sty 2025/11/14 1.11b (Carsten Heinz)
)
(D:\Program\Miktex\tex/latex/listings\lstmisc.sty
File: lstmisc.sty 2025/11/14 1.11b (Carsten Heinz)
\c@lstnumber=\count374
\lst@skipnumbers=\count375
\lst@framebox=\box93
)
(D:\Program\Miktex\tex/latex/listings\listings.cfg
File: listings.cfg 2025/11/14 1.11b listings configuration
))
Package: listings 2025/11/14 1.11b (Carsten Heinz)

==> First Aid for listings.sty no longer applied!
    Expected:
        2024/09/23 1.10c (Carsten Heinz)
    but found:
        2025/11/14 1.11b (Carsten Heinz)
    so I'm assuming it got fixed.
(D:\Program\Miktex\tex/latex/tcolorbox\tcblistingscore.code.tex
Library (tcolorbox): 'tcblistingscore.code.tex' version '6.9.0'
(D:\Program\Miktex\tex/latex/tcolorbox\tcbprocessing.code.tex
Library (tcolorbox): 'tcbprocessing.code.tex' version '6.9.0'
)
\c@tcblisting=\count376
))
Package tcolorbox Info: Library `listingsutf8' is compatible with pdftex only. 
Library `listings` is loaded instead. on input line 29.
) (D:\Program\Miktex\tex/latex/tcolorbox\tcbexternal.code.tex
Library (tcolorbox): 'tcbexternal.code.tex' version '6.9.0'
) (D:\Program\Miktex\tex/latex/tcolorbox\tcbmagazine.code.tex
Library (tcolorbox): 'tcbmagazine.code.tex' version '6.9.0'
) (D:\Program\Miktex\tex/latex/tcolorbox\tcbvignette.code.tex
Library (tcolorbox): 'tcbvignette.code.tex' version '6.9.0'

(D:\Program\Miktex\tex/generic/pgf/frontendlayer/tikz/libraries\tikzlibraryfadi
ngs.code.tex
File: tikzlibraryfadings.code.tex 2025-08-29 v3.1.11a (3.1.11a)

(D:\Program\Miktex\tex/generic/pgf/libraries\pgflibraryfadings.code.tex
File: pgflibraryfadings.code.tex 2025-08-29 v3.1.11a (3.1.11a)
)))
(D:\Program\Miktex\tex/latex/tcolorbox\tcbposter.code.tex
Library (tcolorbox): 'tcbposter.code.tex' version '6.9.0'
)) (D:\Program\Miktex\tex/latex/fncychap\fncychap.sty
Package: fncychap 2007/07/30 v1.34 LaTeX package (Revised chapters)
\RW=\skip75
\mylen=\skip76
\myhi=\skip77
\px=\skip78
\py=\skip79
\pyy=\skip80
\pxx=\skip81
)
(D:\Program\Miktex\tex/latex/titlesec\titlesec.sty
Package: titlesec 2025/01/04 v2.17 Sectioning titles
\ttl@box=\box94
\beforetitleunit=\skip82
\aftertitleunit=\skip83
\ttl@plus=\dimen311
\ttl@minus=\dimen312
\ttl@toksa=\toks48
\titlewidth=\dimen313
\titlewidthlast=\dimen314
\titlewidthfirst=\dimen315
)
(D:\Program\Miktex\tex/latex/booktabs\booktabs.sty
Package: booktabs 2020/01/12 v1.61803398 Publication quality tables
\heavyrulewidth=\dimen316
\lightrulewidth=\dimen317
\cmidrulewidth=\dimen318
\belowrulesep=\dimen319
\belowbottomsep=\dimen320
\aboverulesep=\dimen321
\abovetopsep=\dimen322
\cmidrulesep=\dimen323
\cmidrulekern=\dimen324
\defaultaddspace=\dimen325
\@cmidla=\count377
\@cmidlb=\count378
\@aboverulesep=\dimen326
\@belowrulesep=\dimen327
\@thisruleclass=\count379
\@lastruleclass=\count380
\@thisrulewidth=\dimen328
)
(D:\Program\Miktex\tex/latex/multirow\multirow.sty
Package: multirow 2024/11/12 v2.9 Span multiple rows of a table
\multirow@colwidth=\skip84
\multirow@cntb=\count381
\multirow@dima=\skip85
\bigstrutjot=\dimen329
)
(D:\Program\Miktex\tex/latex/tablefootnote\tablefootnote.sty
Package: tablefootnote 2014/01/26 v1.1c Table foot notes (HMM)

(D:\Program\Miktex\tex/latex/letltxmacro\letltxmacro.sty
Package: letltxmacro 2019/12/03 v1.6 Let assignment for LaTeX macros (HO)
)
(D:\Program\Miktex\tex/latex/xifthen\xifthen.sty
Package: xifthen 2015/11/05 v1.4.0 Extended ifthen features

(D:\Program\Miktex\tex/latex/tools\calc.sty
Package: calc 2025/03/01 v4.3b Infix arithmetic (KKT,FJ)
\calc@Acount=\count382
\calc@Bcount=\count383
\calc@Adimen=\dimen330
\calc@Bdimen=\dimen331
\calc@Askip=\skip86
\calc@Bskip=\skip87
LaTeX Info: Redefining \setlength on input line 86.
LaTeX Info: Redefining \addtolength on input line 87.
\calc@Ccount=\count384
\calc@Cskip=\skip88
)
(D:\Program\Miktex\tex/latex/base\ifthen.sty
Package: ifthen 2024/03/16 v1.1e Standard LaTeX ifthen package (DPC)
)
(D:\Program\Miktex\tex/latex/ifmtarg\ifmtarg.sty
Package: ifmtarg 2018/04/16 v1.2b check for an empty argument
)))
(D:\Program\Miktex\tex/latex/subfigure\subfigure.sty
Package: subfigure 2002/07/30 v2.1.4 subfigure package
\subfigtopskip=\skip89
\subfigcapskip=\skip90
\subfigcaptopadj=\dimen332
\subfigbottomskip=\skip91
\subfigcapmargin=\dimen333
\subfiglabelskip=\skip92
\c@subfigure=\count385
\c@lofdepth=\count386
\c@subtable=\count387
\c@lotdepth=\count388

****************************************
* Local config file subfigure.cfg used *
****************************************
(D:\Program\Miktex\tex/latex/subfigure\subfigure.cfg)
\subfig@top=\skip93
\subfig@bottom=\skip94
)
(D:\Program\Miktex\tex/latex/colortbl\colortbl.sty
Package: colortbl 2024/10/29 v1.0k Color table columns (DPC)
\everycr=\toks49
\minrowclearance=\skip95
\rownum=\count389
)
(c:/Users\khela\Downloads\DBMS\report\out\main.aux

LaTeX Warning: Label `fig:placeholder' multiply defined.


LaTeX Warning: Label `fig:placeholder' multiply defined.


LaTeX Warning: Label `fig:placeholder' multiply defined.


LaTeX Warning: Label `fig:placeholder' multiply defined.


LaTeX Warning: Label `fig:placeholder' multiply defined.


LaTeX Warning: Label `fig:placeholder' multiply defined.


LaTeX Warning: Label `fig:placeholder' multiply defined.


LaTeX Warning: Label `fig:placeholder' multiply defined.


LaTeX Warning: Label `fig:placeholder' multiply defined.


LaTeX Warning: Label `fig:placeholder' multiply defined.

)
\openout1 = `main.aux'.

LaTeX Font Info:    Checking defaults for OML/cmm/m/it on input line 61.
LaTeX Font Info:    ... okay on input line 61.
LaTeX Font Info:    Checking defaults for OMS/cmsy/m/n on input line 61.
LaTeX Font Info:    ... okay on input line 61.
LaTeX Font Info:    Checking defaults for OT1/cmr/m/n on input line 61.
LaTeX Font Info:    ... okay on input line 61.
LaTeX Font Info:    Checking defaults for T1/cmr/m/n on input line 61.
LaTeX Font Info:    ... okay on input line 61.
LaTeX Font Info:    Checking defaults for TS1/cmr/m/n on input line 61.
LaTeX Font Info:    ... okay on input line 61.
LaTeX Font Info:    Checking defaults for TU/lmr/m/n on input line 61.
LaTeX Font Info:    ... okay on input line 61.
LaTeX Font Info:    Checking defaults for OMX/cmex/m/n on input line 61.
LaTeX Font Info:    ... okay on input line 61.
LaTeX Font Info:    Checking defaults for U/cmr/m/n on input line 61.
LaTeX Font Info:    ... okay on input line 61.
LaTeX Font Info:    Checking defaults for PD1/pdf/m/n on input line 61.
LaTeX Font Info:    ... okay on input line 61.
LaTeX Font Info:    Checking defaults for PU/pdf/m/n on input line 61.
LaTeX Font Info:    ... okay on input line 61.

Package fontspec Info: 
(fontspec)             Adjusting the maths setup (use [no-math] to avoid
(fontspec)             this).

\symlegacymaths=\mathgroup4
LaTeX Font Info:    Overwriting symbol font `legacymaths' in version `bold'
(Font)                  OT1/cmr/m/n --> OT1/cmr/bx/n on input line 61.
LaTeX Font Info:    Redeclaring math accent \acute on input line 61.
LaTeX Font Info:    Redeclaring math accent \grave on input line 61.
LaTeX Font Info:    Redeclaring math accent \ddot on input line 61.
LaTeX Font Info:    Redeclaring math accent \tilde on input line 61.
LaTeX Font Info:    Redeclaring math accent \bar on input line 61.
LaTeX Font Info:    Redeclaring math accent \breve on input line 61.
LaTeX Font Info:    Redeclaring math accent \check on input line 61.
LaTeX Font Info:    Redeclaring math accent \hat on input line 61.
LaTeX Font Info:    Redeclaring math accent \dot on input line 61.
LaTeX Font Info:    Redeclaring math accent \mathring on input line 61.
LaTeX Font Info:    Redeclaring math symbol \Gamma on input line 61.
LaTeX Font Info:    Redeclaring math symbol \Delta on input line 61.
LaTeX Font Info:    Redeclaring math symbol \Theta on input line 61.
LaTeX Font Info:    Redeclaring math symbol \Lambda on input line 61.
LaTeX Font Info:    Redeclaring math symbol \Xi on input line 61.
LaTeX Font Info:    Redeclaring math symbol \Pi on input line 61.
LaTeX Font Info:    Redeclaring math symbol \Sigma on input line 61.
LaTeX Font Info:    Redeclaring math symbol \Upsilon on input line 61.
LaTeX Font Info:    Redeclaring math symbol \Phi on input line 61.
LaTeX Font Info:    Redeclaring math symbol \Psi on input line 61.
LaTeX Font Info:    Redeclaring math symbol \Omega on input line 61.
LaTeX Font Info:    Redeclaring math symbol \mathdollar on input line 61.
LaTeX Font Info:    Redeclaring symbol font `operators' on input line 61.
LaTeX Font Info:    Encoding `OT1' has changed to `TU' for symbol font
(Font)              `operators' in the math version `normal' on input line 61.
LaTeX Font Info:    Overwriting symbol font `operators' in version `normal'
(Font)                  OT1/cmr/m/n --> TU/TimesNewRoman(0)/m/n on input line 6
1.
LaTeX Font Info:    Encoding `OT1' has changed to `TU' for symbol font
(Font)              `operators' in the math version `bold' on input line 61.
LaTeX Font Info:    Overwriting symbol font `operators' in version `bold'
(Font)                  OT1/cmr/bx/n --> TU/TimesNewRoman(0)/m/n on input line 
61.
LaTeX Font Info:    Overwriting symbol font `operators' in version `normal'
(Font)                  TU/TimesNewRoman(0)/m/n --> TU/TimesNewRoman(0)/m/n on 
input line 61.
LaTeX Font Info:    Overwriting math alphabet `\mathit' in version `normal'
(Font)                  OT1/cmr/m/it --> TU/TimesNewRoman(0)/m/it on input line
 61.
LaTeX Font Info:    Overwriting math alphabet `\mathbf' in version `normal'
(Font)                  OT1/cmr/bx/n --> TU/TimesNewRoman(0)/b/n on input line 
61.
LaTeX Font Info:    Overwriting math alphabet `\mathsf' in version `normal'
(Font)                  OT1/cmss/m/n --> TU/Arial(0)/m/n on input line 61.
LaTeX Font Info:    Overwriting math alphabet `\mathtt' in version `normal'
(Font)                  OT1/cmtt/m/n --> TU/CourierNew(0)/m/n on input line 61.

LaTeX Font Info:    Overwriting symbol font `operators' in version `bold'
(Font)                  TU/TimesNewRoman(0)/m/n --> TU/TimesNewRoman(0)/b/n on 
input line 61.
LaTeX Font Info:    Overwriting math alphabet `\mathit' in version `bold'
(Font)                  OT1/cmr/bx/it --> TU/TimesNewRoman(0)/b/it on input lin
e 61.
LaTeX Font Info:    Overwriting math alphabet `\mathsf' in version `bold'
(Font)                  OT1/cmss/bx/n --> TU/Arial(0)/b/n on input line 61.
LaTeX Font Info:    Overwriting math alphabet `\mathtt' in version `bold'
(Font)                  OT1/cmtt/m/n --> TU/CourierNew(0)/b/n on input line 61.

Package hyperref Info: Link coloring OFF on input line 61.
 (c:/Users\khela\Downloads\DBMS\report\out\main.out)
(c:/Users\khela\Downloads\DBMS\report\out\main.out)
\@outlinefile=\write5
\openout5 = `main.out'.


*geometry* driver: auto-detecting
*geometry* detected driver: xetex
*geometry* verbose mode - [ preamble ] result:
* driver: xetex
* paper: a4paper
* layout: <same size as paper>
* layoutoffset:(h,v)=(0.0pt,0.0pt)
* modes: 
* h-part:(L,W,R)=(71.13188pt, 483.69687pt, 42.67912pt)
* v-part:(T,H,B)=(71.13188pt, 717.00946pt, 56.9055pt)
* \paperwidth=597.50787pt
* \paperheight=845.04684pt
* \textwidth=483.69687pt
* \textheight=717.00946pt
* \oddsidemargin=-1.1381pt
* \evensidemargin=-1.1381pt
* \topmargin=-38.1381pt
* \headheight=12.0pt
* \headsep=25.0pt
* \topskip=12.0pt
* \footskip=30.0pt
* \marginparwidth=35.0pt
* \marginparsep=10.0pt
* \columnsep=10.0pt
* \skip\footins=10.8pt plus 4.0pt minus 2.0pt
* \hoffset=0.0pt
* \voffset=0.0pt
* \mag=1000
* \@twocolumnfalse
* \@twosidefalse
* \@mparswitchfalse
* \@reversemarginfalse
* (1in=72.27pt=25.4mm, 1cm=28.453pt)

\c@lstlisting=\count390
File: 01_logobachkhoasang.png Graphic file (type bmp)
<01_logobachkhoasang.png>
[1

]
File: bk_name_en.png Graphic file (type bmp)
<bk_name_en.png>


Package fancyhdr Warning: \headheight is too small (12.0pt): 
(fancyhdr)                Make it at least 32.34152pt, for example:
(fancyhdr)                \setlength{\headheight}{32.34152pt}.
(fancyhdr)                You might also make \topmargin smaller:
(fancyhdr)                \addtolength{\topmargin}{-20.34152pt}.

[2

] (c:/Users\khela\Downloads\DBMS\report\out\main.toc
File: bk_name_en.png Graphic file (type bmp)
<bk_name_en.png>


Package fancyhdr Warning: \headheight is too small (12.0pt): 
(fancyhdr)                Make it at least 32.34152pt, for example:
(fancyhdr)                \setlength{\headheight}{32.34152pt}.
(fancyhdr)                You might also make \topmargin smaller:
(fancyhdr)                \addtolength{\topmargin}{-20.34152pt}.

[3

])
\tf@toc=\write6
\openout6 = `main.toc'.

File: bk_name_en.png Graphic file (type bmp)
<bk_name_en.png>


Package fancyhdr Warning: \headheight is too small (12.0pt): 
(fancyhdr)                Make it at least 32.34152pt, for example:
(fancyhdr)                \setlength{\headheight}{32.34152pt}.
(fancyhdr)                You might also make \topmargin smaller:
(fancyhdr)                \addtolength{\topmargin}{-20.34152pt}.

[4] (chapter/overview.tex
Chương 1.
File: bk_name_en.png Graphic file (type bmp)
<bk_name_en.png>

Package fancyhdr Warning: \headheight is too small (12.0pt): 
(fancyhdr)                Make it at least 32.34152pt, for example:
(fancyhdr)                \setlength{\headheight}{32.34152pt}.
(fancyhdr)                You might also make \topmargin smaller:
(fancyhdr)                \addtolength{\topmargin}{-20.34152pt}.

[5

]) (chapter/comparison.tex
File: bk_name_en.png Graphic file (type bmp)
<bk_name_en.png>


Package fancyhdr Warning: \headheight is too small (12.0pt): 
(fancyhdr)                Make it at least 32.34152pt, for example:
(fancyhdr)                \setlength{\headheight}{32.34152pt}.
(fancyhdr)                You might also make \topmargin smaller:
(fancyhdr)                \addtolength{\topmargin}{-20.34152pt}.

[6]
Chương 2.
(figures/Nhật/data.tex
File: bk_name_en.png Graphic file (type bmp)
<bk_name_en.png>


Package fancyhdr Warning: \headheight is too small (12.0pt): 
(fancyhdr)                Make it at least 32.34152pt, for example:
(fancyhdr)                \setlength{\headheight}{32.34152pt}.
(fancyhdr)                You might also make \topmargin smaller:
(fancyhdr)                \addtolength{\topmargin}{-20.34152pt}.

[7

]
Overfull \hbox (18.8979pt too wide) in paragraph at lines 64--65
[]\TU/TimesNewRoman(0)/b/n/12 RDB (Redis Database Snapshot): \TU/TimesNewRoman(
0)/m/n/12 Định kỳ nén toàn bộ RAM thành một file nhị phân (\TU/CourierNew(0)/m/
n/12 dump.rdb\TU/TimesNewRoman(0)/m/n/12 ).
 []

File: bk_name_en.png Graphic file (type bmp)
<bk_name_en.png>

Package fancyhdr Warning: \headheight is too small (12.0pt): 
(fancyhdr)                Make it at least 32.34152pt, for example:
(fancyhdr)                \setlength{\headheight}{32.34152pt}.
(fancyhdr)                You might also make \topmargin smaller:
(fancyhdr)                \addtolength{\topmargin}{-20.34152pt}.

[8] (D:\Program\Miktex\tex/latex/listings\lstlang1.sty
File: lstlang1.sty 2025/11/14 1.11b listings language file
)
File: figures//Nhật/mysql_storage.png Graphic file (type bmp)
<figures//Nhật/mysql_storage.png>

(D:\Program\Miktex\tex/latex/listings\lstlang1.sty
File: lstlang1.sty 2025/11/14 1.11b listings language file
)
(D:\Program\Miktex\tex/latex/listings\lstlang1.sty
File: lstlang1.sty 2025/11/14 1.11b listings language file
)
File: bk_name_en.png Graphic file (type bmp)
<bk_name_en.png>


Package fancyhdr Warning: \headheight is too small (12.0pt): 
(fancyhdr)                Make it at least 32.34152pt, for example:
(fancyhdr)                \setlength{\headheight}{32.34152pt}.
(fancyhdr)                You might also make \topmargin smaller:
(fancyhdr)                \addtolength{\topmargin}{-20.34152pt}.

[9]
File: figures//Nhật/redis_memo1.png Graphic file (type bmp)
<figures//Nhật/redis_memo1.png>
File: figures//Nhật/redis_memo2.png Graphic file (type bmp)
<figures//Nhật/redis_memo2.png>
File: bk_name_en.png Graphic file (type bmp)
<bk_name_en.png>


Package fancyhdr Warning: \headheight is too small (12.0pt): 
(fancyhdr)                Make it at least 32.34152pt, for example:
(fancyhdr)                \setlength{\headheight}{32.34152pt}.
(fancyhdr)                You might also make \topmargin smaller:
(fancyhdr)                \addtolength{\topmargin}{-20.34152pt}.

[10]
Overfull \hbox (28.91457pt too wide) in paragraph at lines 157--158
[]\TU/TimesNewRoman(0)/b/n/12 Chỉ mục phụ thủ công: \TU/TimesNewRoman(0)/m/n/12
 Việc tạo ra hàng loạt các \TU/TimesNewRoman(0)/m/it/12 Set \TU/TimesNewRoman(0
)/m/n/12 để duy trì quan hệ (\TU/CourierNew(0)/m/n/12 brand_id\TU/TimesNewRoman
(0)/m/n/12 , \TU/CourierNew(0)/m/n/12 category_id\TU/TimesNewRoman(0)/m/n/12 )
 []


Overfull \hbox (6.64503pt too wide) in paragraph at lines 178--179
\TU/TimesNewRoman(0)/m/n/12 từ file \TU/CourierNew(0)/m/n/12 Sales Transaction 
v.4a.csv \TU/TimesNewRoman(0)/m/n/12 vào bảng \TU/CourierNew(0)/m/n/12 sales_be
nchmark.transactions\TU/TimesNewRoman(0)/m/n/12 . Đây
 []

File: figures//Nhật/mysql_test2.png Graphic file (type bmp)
<figures//Nhật/mysql_test2.png>
File: bk_name_en.png Graphic file (type bmp)
<bk_name_en.png>

Package fancyhdr Warning: \headheight is too small (12.0pt): 
(fancyhdr)                Make it at least 32.34152pt, for example:
(fancyhdr)                \setlength{\headheight}{32.34152pt}.
(fancyhdr)                You might also make \topmargin smaller:
(fancyhdr)                \addtolength{\topmargin}{-20.34152pt}.

[11]
File: figures//Nhật/redis_test2.png Graphic file (type bmp)
<figures//Nhật/redis_test2.png>
File: bk_name_en.png Graphic file (type bmp)
<bk_name_en.png>


Package fancyhdr Warning: \headheight is too small (12.0pt): 
(fancyhdr)                Make it at least 32.34152pt, for example:
(fancyhdr)                \setlength{\headheight}{32.34152pt}.
(fancyhdr)                You might also make \topmargin smaller:
(fancyhdr)                \addtolength{\topmargin}{-20.34152pt}.

[12]
File: figures//Nhật/mysql_test3.png Graphic file (type bmp)
<figures//Nhật/mysql_test3.png>
File: bk_name_en.png Graphic file (type bmp)
<bk_name_en.png>


Package fancyhdr Warning: \headheight is too small (12.0pt): 
(fancyhdr)                Make it at least 32.34152pt, for example:
(fancyhdr)                \setlength{\headheight}{32.34152pt}.
(fancyhdr)                You might also make \topmargin smaller:
(fancyhdr)                \addtolength{\topmargin}{-20.34152pt}.

[13]
File: figures//Nhật/redis_test3.png Graphic file (type bmp)
<figures//Nhật/redis_test3.png>
File: bk_name_en.png Graphic file (type bmp)
<bk_name_en.png>


Package fancyhdr Warning: \headheight is too small (12.0pt): 
(fancyhdr)                Make it at least 32.34152pt, for example:
(fancyhdr)                \setlength{\headheight}{32.34152pt}.
(fancyhdr)                You might also make \topmargin smaller:
(fancyhdr)                \addtolength{\topmargin}{-20.34152pt}.

[14]
File: figures//Nhật/mysql_test4.png Graphic file (type bmp)
<figures//Nhật/mysql_test4.png>
File: figures//Nhật/redis_test4.png Graphic file (type bmp)
<figures//Nhật/redis_test4.png>
File: bk_name_en.png Graphic file (type bmp)
<bk_name_en.png>


Package fancyhdr Warning: \headheight is too small (12.0pt): 
(fancyhdr)                Make it at least 32.34152pt, for example:
(fancyhdr)                \setlength{\headheight}{32.34152pt}.
(fancyhdr)                You might also make \topmargin smaller:
(fancyhdr)                \addtolength{\topmargin}{-20.34152pt}.

[15]
Underfull \hbox (badness 7704) in paragraph at lines 422--422
\TU/TimesNewRoman(0)/m/n/12 điều tiết bộ nhớ qua cơ
 []


Underfull \hbox (badness 10000) in paragraph at lines 423--423
[]|\TU/TimesNewRoman(0)/m/n/12 Tiêu tốn RAM (Gấp đôi
 []


Underfull \hbox (badness 1484) in paragraph at lines 423--423
\TU/TimesNewRoman(0)/m/n/12 MySQL); Nguy cơ mất dữ
 []


Underfull \hbox (badness 1590) in paragraph at lines 423--423
\TU/TimesNewRoman(0)/m/n/12 Chi phí phần cứng (RAM)
 []

)
File: bk_name_en.png Graphic file (type bmp)
<bk_name_en.png>


Package fancyhdr Warning: \headheight is too small (12.0pt): 
(fancyhdr)                Make it at least 32.34152pt, for example:
(fancyhdr)                \setlength{\headheight}{32.34152pt}.
(fancyhdr)                You might also make \topmargin smaller:
(fancyhdr)                \addtolength{\topmargin}{-20.34152pt}.

[16]
File: bk_name_en.png Graphic file (type bmp)
<bk_name_en.png>


Package fancyhdr Warning: \headheight is too small (12.0pt): 
(fancyhdr)                Make it at least 32.34152pt, for example:
(fancyhdr)                \setlength{\headheight}{32.34152pt}.
(fancyhdr)                You might also make \topmargin smaller:
(fancyhdr)                \addtolength{\topmargin}{-20.34152pt}.

[17] (figures/Nhân/indexing.tex
File: bk_name_en.png Graphic file (type bmp)
<bk_name_en.png>


Package fancyhdr Warning: \headheight is too small (12.0pt): 
(fancyhdr)                Make it at least 32.34152pt, for example:
(fancyhdr)                \setlength{\headheight}{32.34152pt}.
(fancyhdr)                You might also make \topmargin smaller:
(fancyhdr)                \addtolength{\topmargin}{-20.34152pt}.

[18] (D:\Program\Miktex\tex/latex/listings\lstlang1.sty
File: lstlang1.sty 2025/11/14 1.11b listings language file
)
File: bk_name_en.png Graphic file (type bmp)
<bk_name_en.png>


Package fancyhdr Warning: \headheight is too small (12.0pt): 
(fancyhdr)                Make it at least 32.34152pt, for example:
(fancyhdr)                \setlength{\headheight}{32.34152pt}.
(fancyhdr)                You might also make \topmargin smaller:
(fancyhdr)                \addtolength{\topmargin}{-20.34152pt}.

[19]
File: figures//Nhân/mysql_brand_id.png Graphic file (type bmp)
<figures//Nhân/mysql_brand_id.png>
File: bk_name_en.png Graphic file (type bmp)
<bk_name_en.png>


Package fancyhdr Warning: \headheight is too small (12.0pt): 
(fancyhdr)                Make it at least 32.34152pt, for example:
(fancyhdr)                \setlength{\headheight}{32.34152pt}.
(fancyhdr)                You might also make \topmargin smaller:
(fancyhdr)                \addtolength{\topmargin}{-20.34152pt}.

[20]
File: figures//Nhân/redis_brand_id.png Graphic file (type bmp)
<figures//Nhân/redis_brand_id.png>
File: figures//Nhân/mysql_test2.png Graphic file (type bmp)
<figures//Nhân/mysql_test2.png>
File: bk_name_en.png Graphic file (type bmp)
<bk_name_en.png>


Package fancyhdr Warning: \headheight is too small (12.0pt): 
(fancyhdr)                Make it at least 32.34152pt, for example:
(fancyhdr)                \setlength{\headheight}{32.34152pt}.
(fancyhdr)                You might also make \topmargin smaller:
(fancyhdr)                \addtolength{\topmargin}{-20.34152pt}.

[21]
File: figures//Nhân/mysql_test2_index.png Graphic file (type bmp)
<figures//Nhân/mysql_test2_index.png>
File: bk_name_en.png Graphic file (type bmp)
<bk_name_en.png>


Package fancyhdr Warning: \headheight is too small (12.0pt): 
(fancyhdr)                Make it at least 32.34152pt, for example:
(fancyhdr)                \setlength{\headheight}{32.34152pt}.
(fancyhdr)                You might also make \topmargin smaller:
(fancyhdr)                \addtolength{\topmargin}{-20.34152pt}.

[22]
File: figures//Nhân/redis_test2.png Graphic file (type bmp)
<figures//Nhân/redis_test2.png>
File: bk_name_en.png Graphic file (type bmp)
<bk_name_en.png>


Package fancyhdr Warning: \headheight is too small (12.0pt): 
(fancyhdr)                Make it at least 32.34152pt, for example:
(fancyhdr)                \setlength{\headheight}{32.34152pt}.
(fancyhdr)                You might also make \topmargin smaller:
(fancyhdr)                \addtolength{\topmargin}{-20.34152pt}.

[23]
File: bk_name_en.png Graphic file (type bmp)
<bk_name_en.png>


Package fancyhdr Warning: \headheight is too small (12.0pt): 
(fancyhdr)                Make it at least 32.34152pt, for example:
(fancyhdr)                \setlength{\headheight}{32.34152pt}.
(fancyhdr)                You might also make \topmargin smaller:
(fancyhdr)                \addtolength{\topmargin}{-20.34152pt}.

[24]
File: figures//Nhân/mysql_test3.png Graphic file (type bmp)
<figures//Nhân/mysql_test3.png>
File: bk_name_en.png Graphic file (type bmp)
<bk_name_en.png>


Package fancyhdr Warning: \headheight is too small (12.0pt): 
(fancyhdr)                Make it at least 32.34152pt, for example:
(fancyhdr)                \setlength{\headheight}{32.34152pt}.
(fancyhdr)                You might also make \topmargin smaller:
(fancyhdr)                \addtolength{\topmargin}{-20.34152pt}.

[25]
File: figures//Nhân/redis_test3.png Graphic file (type bmp)
<figures//Nhân/redis_test3.png>
File: bk_name_en.png Graphic file (type bmp)
<bk_name_en.png>


Package fancyhdr Warning: \headheight is too small (12.0pt): 
(fancyhdr)                Make it at least 32.34152pt, for example:
(fancyhdr)                \setlength{\headheight}{32.34152pt}.
(fancyhdr)                You might also make \topmargin smaller:
(fancyhdr)                \addtolength{\topmargin}{-20.34152pt}.

[26]
File: figures//Nhân/mysql_test4.png Graphic file (type bmp)
<figures//Nhân/mysql_test4.png>
File: bk_name_en.png Graphic file (type bmp)
<bk_name_en.png>


Package fancyhdr Warning: \headheight is too small (12.0pt): 
(fancyhdr)                Make it at least 32.34152pt, for example:
(fancyhdr)                \setlength{\headheight}{32.34152pt}.
(fancyhdr)                You might also make \topmargin smaller:
(fancyhdr)                \addtolength{\topmargin}{-20.34152pt}.

[27]
File: figures//Nhân/redis_test4.png Graphic file (type bmp)
<figures//Nhân/redis_test4.png>
File: bk_name_en.png Graphic file (type bmp)
<bk_name_en.png>


Package fancyhdr Warning: \headheight is too small (12.0pt): 
(fancyhdr)                Make it at least 32.34152pt, for example:
(fancyhdr)                \setlength{\headheight}{32.34152pt}.
(fancyhdr)                You might also make \topmargin smaller:
(fancyhdr)                \addtolength{\topmargin}{-20.34152pt}.

[28]
Overfull \hbox (108.93791pt too wide) in paragraph at lines 686--690
[]\TU/TimesNewRoman(0)/m/n/12 Sau khi thực hiện \TU/CourierNew(0)/m/n/12 CONFIG
 RESETSTAT \TU/TimesNewRoman(0)/m/n/12 và chạy truy vấn 10 lần, chỉ số \TU/Time
sNewRoman(0)/m/it/12 usec_per_call \TU/TimesNewRoman(0)/m/n/12 từ \TU/CourierNe
w(0)/m/n/12 cmdstat_zrangebyscore
 []

File: figures//Nhân/redis_sorted.png Graphic file (type bmp)
<figures//Nhân/redis_sorted.png>

Underfull \hbox (badness 10000) in paragraph at lines 722--722
[]|\TU/TimesNewRoman(0)/b/n/12 Ghi chú (Kết
 []


Underfull \hbox (badness 10000) in paragraph at lines 723--723
[]|\TU/TimesNewRoman(0)/m/n/12 Tìm theo FK
 []


Underfull \hbox (badness 10000) in paragraph at lines 724--724
\TU/TimesNewRoman(0)/m/it/12 (Dùng B-Tree Index
 []


Underfull \hbox (badness 10000) in paragraph at lines 725--725
[]|\TU/TimesNewRoman(0)/m/n/12 Truy vấn kết nối
 []


Underfull \hbox (badness 2229) in paragraph at lines 725--725
\TU/TimesNewRoman(0)/m/it/12 (Hỗ trợ native, tối ưu
 []


Overfull \hbox (4.47534pt too wide) in paragraph at lines 720--728
 [][] 
 []

File: bk_name_en.png Graphic file (type bmp)
<bk_name_en.png>

Package fancyhdr Warning: \headheight is too small (12.0pt): 
(fancyhdr)                Make it at least 32.34152pt, for example:
(fancyhdr)                \setlength{\headheight}{32.34152pt}.
(fancyhdr)                You might also make \topmargin smaller:
(fancyhdr)                \addtolength{\topmargin}{-20.34152pt}.

[29])
File: bk_name_en.png Graphic file (type bmp)
<bk_name_en.png>


Package fancyhdr Warning: \headheight is too small (12.0pt): 
(fancyhdr)                Make it at least 32.34152pt, for example:
(fancyhdr)                \setlength{\headheight}{32.34152pt}.
(fancyhdr)                You might also make \topmargin smaller:
(fancyhdr)                \addtolength{\topmargin}{-20.34152pt}.

[30] (figures/Trung/query.tex
Underfull \hbox (badness 10000) in paragraph at lines 16--16
[]|\TU/TimesNewRoman(0)/m/n/12 JOIN / GROUP
 []

File: bk_name_en.png Graphic file (type bmp)
<bk_name_en.png>

Package fancyhdr Warning: \headheight is too small (12.0pt): 
(fancyhdr)                Make it at least 32.34152pt, for example:
(fancyhdr)                \setlength{\headheight}{32.34152pt}.
(fancyhdr)                You might also make \topmargin smaller:
(fancyhdr)                \addtolength{\topmargin}{-20.34152pt}.

[31]
File: figures/Trung/count_record-mysql.png Graphic file (type bmp)
<figures/Trung/count_record-mysql.png>
File: figures/Trung/count_record-redis.png Graphic file (type bmp)
<figures/Trung/count_record-redis.png>

Underfull \hbox (badness 10000) in paragraph at lines 73--73
[]|\TU/TimesNewRoman(0)/m/n/10.95 Sản phẩm theo
 []


Underfull \hbox (badness 6016) in paragraph at lines 91--91
[]|\TU/TimesNewRoman(0)/m/n/10.95 Doanh thu theo
 []

File: bk_name_en.png Graphic file (type bmp)
<bk_name_en.png>

Package fancyhdr Warning: \headheight is too small (12.0pt): 
(fancyhdr)                Make it at least 32.34152pt, for example:
(fancyhdr)                \setlength{\headheight}{32.34152pt}.
(fancyhdr)                You might also make \topmargin smaller:
(fancyhdr)                \addtolength{\topmargin}{-20.34152pt}.

[32]
File: figures/Trung/q1-mysql.png Graphic file (type bmp)
<figures/Trung/q1-mysql.png>
File: figures/Trung/q1-redis.png Graphic file (type bmp)
<figures/Trung/q1-redis.png>
File: bk_name_en.png Graphic file (type bmp)
<bk_name_en.png>


Package fancyhdr Warning: \headheight is too small (12.0pt): 
(fancyhdr)                Make it at least 32.34152pt, for example:
(fancyhdr)                \setlength{\headheight}{32.34152pt}.
(fancyhdr)                You might also make \topmargin smaller:
(fancyhdr)                \addtolength{\topmargin}{-20.34152pt}.

[33]
File: figures/Trung/q2-mysql.png Graphic file (type bmp)
<figures/Trung/q2-mysql.png>
File: figures/Trung/q2-redis.png Graphic file (type bmp)
<figures/Trung/q2-redis.png>
File: bk_name_en.png Graphic file (type bmp)
<bk_name_en.png>


Package fancyhdr Warning: \headheight is too small (12.0pt): 
(fancyhdr)                Make it at least 32.34152pt, for example:
(fancyhdr)                \setlength{\headheight}{32.34152pt}.
(fancyhdr)                You might also make \topmargin smaller:
(fancyhdr)                \addtolength{\topmargin}{-20.34152pt}.

[34]
File: figures/Trung/q3-mysql.png Graphic file (type bmp)
<figures/Trung/q3-mysql.png>
File: figures/Trung/q3-redis.png Graphic file (type bmp)
<figures/Trung/q3-redis.png>
File: bk_name_en.png Graphic file (type bmp)
<bk_name_en.png>


Package fancyhdr Warning: \headheight is too small (12.0pt): 
(fancyhdr)                Make it at least 32.34152pt, for example:
(fancyhdr)                \setlength{\headheight}{32.34152pt}.
(fancyhdr)                You might also make \topmargin smaller:
(fancyhdr)                \addtolength{\topmargin}{-20.34152pt}.

[35]
File: figures/Trung/q3-explain-mysql.png Graphic file (type bmp)
<figures/Trung/q3-explain-mysql.png>

Overfull \hbox (17.2554pt too wide) in paragraph at lines 305--306
\TU/TimesNewRoman(0)/m/it/12 Ghi chú: \TU/TimesNewRoman(0)/m/n/12 BikeStores có
 nhiều \TU/CourierNew(0)/m/n/12 product_id \TU/TimesNewRoman(0)/m/n/12 trùng \T
U/CourierNew(0)/m/n/12 product_name\TU/TimesNewRoman(0)/m/n/12 ; chỉ \TU/Courie
rNew(0)/m/n/12 GROUP BY p.product_id
 []

File: bk_name_en.png Graphic file (type bmp)
<bk_name_en.png>

Package fancyhdr Warning: \headheight is too small (12.0pt): 
(fancyhdr)                Make it at least 32.34152pt, for example:
(fancyhdr)                \setlength{\headheight}{32.34152pt}.
(fancyhdr)                You might also make \topmargin smaller:
(fancyhdr)                \addtolength{\topmargin}{-20.34152pt}.

[36]
File: figures/Trung/q4-mysql.png Graphic file (type bmp)
<figures/Trung/q4-mysql.png>
File: figures/Trung/q4-redis.png Graphic file (type bmp)
<figures/Trung/q4-redis.png>
File: bk_name_en.png Graphic file (type bmp)
<bk_name_en.png>


Package fancyhdr Warning: \headheight is too small (12.0pt): 
(fancyhdr)                Make it at least 32.34152pt, for example:
(fancyhdr)                \setlength{\headheight}{32.34152pt}.
(fancyhdr)                You might also make \topmargin smaller:
(fancyhdr)                \addtolength{\topmargin}{-20.34152pt}.

[37]
File: figures/Trung/q4-explain-mysql.png Graphic file (type bmp)
<figures/Trung/q4-explain-mysql.png>
File: bk_name_en.png Graphic file (type bmp)
<bk_name_en.png>


Package fancyhdr Warning: \headheight is too small (12.0pt): 
(fancyhdr)                Make it at least 32.34152pt, for example:
(fancyhdr)                \setlength{\headheight}{32.34152pt}.
(fancyhdr)                You might also make \topmargin smaller:
(fancyhdr)                \addtolength{\topmargin}{-20.34152pt}.

[38]
File: figures/Trung/q5-mysql.png Graphic file (type bmp)
<figures/Trung/q5-mysql.png>
File: figures/Trung/q5-redis.png Graphic file (type bmp)
<figures/Trung/q5-redis.png>
File: figures/Trung/q5-explain-mysql.png Graphic file (type bmp)
<figures/Trung/q5-explain-mysql.png>
File: bk_name_en.png Graphic file (type bmp)
<bk_name_en.png>


Package fancyhdr Warning: \headheight is too small (12.0pt): 
(fancyhdr)                Make it at least 32.34152pt, for example:
(fancyhdr)                \setlength{\headheight}{32.34152pt}.
(fancyhdr)                You might also make \topmargin smaller:
(fancyhdr)                \addtolength{\topmargin}{-20.34152pt}.

[39]
Underfull \hbox (badness 4229) in paragraph at lines 446--446
\TU/TimesNewRoman(0)/m/n/12 GROUP BY, ORDER BY,
 []


Underfull \hbox (badness 10000) in paragraph at lines 447--447
[]|\TU/TimesNewRoman(0)/m/n/12 Không nhanh bằng Redis
 []


Underfull \hbox (badness 7468) in paragraph at lines 447--447
\TU/TimesNewRoman(0)/m/n/12 truy vấn nghiệp vụ tăng,
 []

)
File: bk_name_en.png Graphic file (type bmp)
<bk_name_en.png>


Package fancyhdr Warning: \headheight is too small (12.0pt): 
(fancyhdr)                Make it at least 32.34152pt, for example:
(fancyhdr)                \setlength{\headheight}{32.34152pt}.
(fancyhdr)                You might also make \topmargin smaller:
(fancyhdr)                \addtolength{\topmargin}{-20.34152pt}.

[40] (figures/Thời/transaction.tex
Underfull \hbox (badness 4582) in paragraph at lines 46--47
[]|\TU/TimesNewRoman(0)/m/n/12 Đảm bảo đầy đủ thông qua
 []


Underfull \hbox (badness 10000) in paragraph at lines 46--47
\TU/CourierNew(0)/m/n/12 COMMIT \TU/TimesNewRoman(0)/m/n/12 và \TU/CourierNew(0
)/m/n/12 ROLLBACK\TU/TimesNewRoman(0)/m/n/12 ; sử
 []


Underfull \hbox (badness 7522) in paragraph at lines 47--48
[]|\TU/TimesNewRoman(0)/m/n/12 Chỉ đảm bảo thực thi tuần
 []


Underfull \hbox (badness 10000) in paragraph at lines 47--48
\TU/TimesNewRoman(0)/m/n/12 tự thông qua \TU/CourierNew(0)/m/n/12 MULTI/EXEC
 []


Underfull \hbox (badness 4699) in paragraph at lines 51--52
\TU/TimesNewRoman(0)/m/n/12 dữ liệu như \TU/CourierNew(0)/m/n/12 FOREIGN KEY\TU
/TimesNewRoman(0)/m/n/12 ,
 []


Underfull \hbox (badness 10000) in paragraph at lines 56--57
\TU/TimesNewRoman(0)/m/n/12 (Read Uncommitted, Read
 []


Underfull \hbox (badness 7256) in paragraph at lines 56--57
\TU/TimesNewRoman(0)/m/n/12 Committed, Repeatable Read,
 []


Underfull \hbox (badness 10000) in paragraph at lines 57--58
\TU/TimesNewRoman(0)/m/n/12 hỗ trợ isolation theo nghĩa
 []

File: bk_name_en.png Graphic file (type bmp)
<bk_name_en.png>

Package fancyhdr Warning: \headheight is too small (12.0pt): 
(fancyhdr)                Make it at least 32.34152pt, for example:
(fancyhdr)                \setlength{\headheight}{32.34152pt}.
(fancyhdr)                You might also make \topmargin smaller:
(fancyhdr)                \addtolength{\topmargin}{-20.34152pt}.

[41]
File: bk_name_en.png Graphic file (type bmp)
<bk_name_en.png>


Package fancyhdr Warning: \headheight is too small (12.0pt): 
(fancyhdr)                Make it at least 32.34152pt, for example:
(fancyhdr)                \setlength{\headheight}{32.34152pt}.
(fancyhdr)                You might also make \topmargin smaller:
(fancyhdr)                \addtolength{\topmargin}{-20.34152pt}.

[42]
File: figures/Thời/order-before-transaction.png Graphic file (type bmp)
<figures/Thời/order-before-transaction.png>
File: figures/Thời/item-before-transaction.png Graphic file (type bmp)
<figures/Thời/item-before-transaction.png>
File: bk_name_en.png Graphic file (type bmp)
<bk_name_en.png>


Package fancyhdr Warning: \headheight is too small (12.0pt): 
(fancyhdr)                Make it at least 32.34152pt, for example:
(fancyhdr)                \setlength{\headheight}{32.34152pt}.
(fancyhdr)                You might also make \topmargin smaller:
(fancyhdr)                \addtolength{\topmargin}{-20.34152pt}.

[43]
File: figures/Thời/stock-before-transaction.png Graphic file (type bmp)
<figures/Thời/stock-before-transaction.png>
File: figures/Thời/after-transaction.png Graphic file (type bmp)
<figures/Thời/after-transaction.png>
File: figures/Thời/order-after-transaction.png Graphic file (type bmp)
<figures/Thời/order-after-transaction.png>
File: bk_name_en.png Graphic file (type bmp)
<bk_name_en.png>


Package fancyhdr Warning: \headheight is too small (12.0pt): 
(fancyhdr)                Make it at least 32.34152pt, for example:
(fancyhdr)                \setlength{\headheight}{32.34152pt}.
(fancyhdr)                You might also make \topmargin smaller:
(fancyhdr)                \addtolength{\topmargin}{-20.34152pt}.

[44]
File: figures/Thời/item-after-transaction.png Graphic file (type bmp)
<figures/Thời/item-after-transaction.png>
File: figures/Thời/stock-after-transaction.png Graphic file (type bmp)
<figures/Thời/stock-after-transaction.png>
File: bk_name_en.png Graphic file (type bmp)
<bk_name_en.png>


Package fancyhdr Warning: \headheight is too small (12.0pt): 
(fancyhdr)                Make it at least 32.34152pt, for example:
(fancyhdr)                \setlength{\headheight}{32.34152pt}.
(fancyhdr)                You might also make \topmargin smaller:
(fancyhdr)                \addtolength{\topmargin}{-20.34152pt}.

[45]
Overfull \hbox (5.74265pt too wide) in paragraph at lines 175--176
[]\TU/TimesNewRoman(0)/m/n/12 Ngoài ra, tính \TU/TimesNewRoman(0)/b/n/12 Consis
tency \TU/TimesNewRoman(0)/m/n/12 cũng được duy trì, khi các ràng buộc khóa ngo
ại giữa các bảng (\TU/CourierNew(0)/m/n/12 orders\TU/TimesNewRoman(0)/m/n/12 ,
 []

File: bk_name_en.png Graphic file (type bmp)
<bk_name_en.png>

Package fancyhdr Warning: \headheight is too small (12.0pt): 
(fancyhdr)                Make it at least 32.34152pt, for example:
(fancyhdr)                \setlength{\headheight}{32.34152pt}.
(fancyhdr)                You might also make \topmargin smaller:
(fancyhdr)                \addtolength{\topmargin}{-20.34152pt}.

[46]
File: figures/Thời/stock-before-rollback.png Graphic file (type bmp)
<figures/Thời/stock-before-rollback.png>
File: figures/Thời/after-excute-rollback.png Graphic file (type bmp)
<figures/Thời/after-excute-rollback.png>
File: figures/Thời/stock-after-rollback.png Graphic file (type bmp)
<figures/Thời/stock-after-rollback.png>
File: bk_name_en.png Graphic file (type bmp)
<bk_name_en.png>


Package fancyhdr Warning: \headheight is too small (12.0pt): 
(fancyhdr)                Make it at least 32.34152pt, for example:
(fancyhdr)                \setlength{\headheight}{32.34152pt}.
(fancyhdr)                You might also make \topmargin smaller:
(fancyhdr)                \addtolength{\topmargin}{-20.34152pt}.

[47]
File: figures/Thời/redis-order-before-success.png Graphic file (type bmp)
<figures/Thời/redis-order-before-success.png>
File: figures/Thời/redis-stock-before-success.png Graphic file (type bmp)
<figures/Thời/redis-stock-before-success.png>
File: bk_name_en.png Graphic file (type bmp)
<bk_name_en.png>


Package fancyhdr Warning: \headheight is too small (12.0pt): 
(fancyhdr)                Make it at least 32.34152pt, for example:
(fancyhdr)                \setlength{\headheight}{32.34152pt}.
(fancyhdr)                You might also make \topmargin smaller:
(fancyhdr)                \addtolength{\topmargin}{-20.34152pt}.

[48]
File: figures/Thời/redis-after-excute.png Graphic file (type bmp)
<figures/Thời/redis-after-excute.png>
File: figures/Thời/redis-stock-after-success.png Graphic file (type bmp)
<figures/Thời/redis-stock-after-success.png>
File: figures/Thời/redis-order-after-success.png Graphic file (type bmp)
<figures/Thời/redis-order-after-success.png>
File: bk_name_en.png Graphic file (type bmp)
<bk_name_en.png>


Package fancyhdr Warning: \headheight is too small (12.0pt): 
(fancyhdr)                Make it at least 32.34152pt, for example:
(fancyhdr)                \setlength{\headheight}{32.34152pt}.
(fancyhdr)                You might also make \topmargin smaller:
(fancyhdr)                \addtolength{\topmargin}{-20.34152pt}.

[49]
File: figures/Thời/redis-lua-success.png Graphic file (type bmp)
<figures/Thời/redis-lua-success.png>
File: bk_name_en.png Graphic file (type bmp)
<bk_name_en.png>


Package fancyhdr Warning: \headheight is too small (12.0pt): 
(fancyhdr)                Make it at least 32.34152pt, for example:
(fancyhdr)                \setlength{\headheight}{32.34152pt}.
(fancyhdr)                You might also make \topmargin smaller:
(fancyhdr)                \addtolength{\topmargin}{-20.34152pt}.

[50]
File: figures/Thời/redis-stock-before-fail.png Graphic file (type bmp)
<figures/Thời/redis-stock-before-fail.png>
File: figures/Thời/redis-stock-after-fail.png Graphic file (type bmp)
<figures/Thời/redis-stock-after-fail.png>
File: bk_name_en.png Graphic file (type bmp)
<bk_name_en.png>


Package fancyhdr Warning: \headheight is too small (12.0pt): 
(fancyhdr)                Make it at least 32.34152pt, for example:
(fancyhdr)                \setlength{\headheight}{32.34152pt}.
(fancyhdr)                You might also make \topmargin smaller:
(fancyhdr)                \addtolength{\topmargin}{-20.34152pt}.

[51]
Underfull \hbox (badness 10000) in paragraph at lines 397--398

 []

File: figures/Thời/redis-watch.png Graphic file (type bmp)
<figures/Thời/redis-watch.png>
File: bk_name_en.png Graphic file (type bmp)
<bk_name_en.png>

Package fancyhdr Warning: \headheight is too small (12.0pt): 
(fancyhdr)                Make it at least 32.34152pt, for example:
(fancyhdr)                \setlength{\headheight}{32.34152pt}.
(fancyhdr)                You might also make \topmargin smaller:
(fancyhdr)                \addtolength{\topmargin}{-20.34152pt}.

[52])
File: bk_name_en.png Graphic file (type bmp)
<bk_name_en.png>


Package fancyhdr Warning: \headheight is too small (12.0pt): 
(fancyhdr)                Make it at least 32.34152pt, for example:
(fancyhdr)                \setlength{\headheight}{32.34152pt}.
(fancyhdr)                You might also make \topmargin smaller:
(fancyhdr)                \addtolength{\topmargin}{-20.34152pt}.

[53] (figures/Kha/concurrency.tex
File: figures/Kha/mvcc.png Graphic file (type bmp)
<figures/Kha/mvcc.png>
File: bk_name_en.png Graphic file (type bmp)
<bk_name_en.png>


Package fancyhdr Warning: \headheight is too small (12.0pt): 
(fancyhdr)                Make it at least 32.34152pt, for example:
(fancyhdr)                \setlength{\headheight}{32.34152pt}.
(fancyhdr)                You might also make \topmargin smaller:
(fancyhdr)                \addtolength{\topmargin}{-20.34152pt}.

[54]
File: figures/Kha/readtest.png Graphic file (type bmp)
<figures/Kha/readtest.png>
File: bk_name_en.png Graphic file (type bmp)
<bk_name_en.png>


Package fancyhdr Warning: \headheight is too small (12.0pt): 
(fancyhdr)                Make it at least 32.34152pt, for example:
(fancyhdr)                \setlength{\headheight}{32.34152pt}.
(fancyhdr)                You might also make \topmargin smaller:
(fancyhdr)                \addtolength{\topmargin}{-20.34152pt}.

[55]
Underfull \hbox (badness 10000) in paragraph at lines 103--104

 []

File: figures/Kha/writetest.png Graphic file (type bmp)
<figures/Kha/writetest.png>

Underfull \hbox (badness 10000) in paragraph at lines 122--123

 []

File: bk_name_en.png Graphic file (type bmp)
<bk_name_en.png>

Package fancyhdr Warning: \headheight is too small (12.0pt): 
(fancyhdr)                Make it at least 32.34152pt, for example:
(fancyhdr)                \setlength{\headheight}{32.34152pt}.
(fancyhdr)                You might also make \topmargin smaller:
(fancyhdr)                \addtolength{\topmargin}{-20.34152pt}.

[56]
File: figures/Kha/rw3thread.png Graphic file (type bmp)
<figures/Kha/rw3thread.png>

Underfull \hbox (badness 10000) in paragraph at lines 137--138

 []

File: figures/Kha/locktest1.png Graphic file (type bmp)
<figures/Kha/locktest1.png>
File: bk_name_en.png Graphic file (type bmp)
<bk_name_en.png>

Package fancyhdr Warning: \headheight is too small (12.0pt): 
(fancyhdr)                Make it at least 32.34152pt, for example:
(fancyhdr)                \setlength{\headheight}{32.34152pt}.
(fancyhdr)                You might also make \topmargin smaller:
(fancyhdr)                \addtolength{\topmargin}{-20.34152pt}.

[57]
File: figures/Kha/locktest2.png Graphic file (type bmp)
<figures/Kha/locktest2.png>
File: figures/Kha/locktest3.png Graphic file (type bmp)
<figures/Kha/locktest3.png>
File: bk_name_en.png Graphic file (type bmp)
<bk_name_en.png>


Package fancyhdr Warning: \headheight is too small (12.0pt): 
(fancyhdr)                Make it at least 32.34152pt, for example:
(fancyhdr)                \setlength{\headheight}{32.34152pt}.
(fancyhdr)                You might also make \topmargin smaller:
(fancyhdr)                \addtolength{\topmargin}{-20.34152pt}.

[58]
File: figures/Kha/locktest4.png Graphic file (type bmp)
<figures/Kha/locktest4.png>
File: bk_name_en.png Graphic file (type bmp)
<bk_name_en.png>


Package fancyhdr Warning: \headheight is too small (12.0pt): 
(fancyhdr)                Make it at least 32.34152pt, for example:
(fancyhdr)                \setlength{\headheight}{32.34152pt}.
(fancyhdr)                You might also make \topmargin smaller:
(fancyhdr)                \addtolength{\topmargin}{-20.34152pt}.

[59]
File: figures/Kha/mvcctest.png Graphic file (type bmp)
<figures/Kha/mvcctest.png>
File: bk_name_en.png Graphic file (type bmp)
<bk_name_en.png>


Package fancyhdr Warning: \headheight is too small (12.0pt): 
(fancyhdr)                Make it at least 32.34152pt, for example:
(fancyhdr)                \setlength{\headheight}{32.34152pt}.
(fancyhdr)                You might also make \topmargin smaller:
(fancyhdr)                \addtolength{\topmargin}{-20.34152pt}.

[60]
File: figures/Kha/mvccmul_reader.png Graphic file (type bmp)
<figures/Kha/mvccmul_reader.png>
File: bk_name_en.png Graphic file (type bmp)
<bk_name_en.png>


Package fancyhdr Warning: \headheight is too small (12.0pt): 
(fancyhdr)                Make it at least 32.34152pt, for example:
(fancyhdr)                \setlength{\headheight}{32.34152pt}.
(fancyhdr)                You might also make \topmargin smaller:
(fancyhdr)                \addtolength{\topmargin}{-20.34152pt}.

[61]
File: figures/Kha/deadlocktest.png Graphic file (type bmp)
<figures/Kha/deadlocktest.png>
File: bk_name_en.png Graphic file (type bmp)
<bk_name_en.png>


Package fancyhdr Warning: \headheight is too small (12.0pt): 
(fancyhdr)                Make it at least 32.34152pt, for example:
(fancyhdr)                \setlength{\headheight}{32.34152pt}.
(fancyhdr)                You might also make \topmargin smaller:
(fancyhdr)                \addtolength{\topmargin}{-20.34152pt}.

[62]
File: figures/Kha/luaredis.png Graphic file (type bmp)
<figures/Kha/luaredis.png>

Underfull \hbox (badness 1348) in paragraph at lines 237--237
[]|\TU/TimesNewRoman(0)/m/n/12 Scale với CPU cores, chạy
 []


Underfull \hbox (badness 10000) in paragraph at lines 237--237
\TU/TimesNewRoman(0)/m/n/12 song song query, dùng
 []


Underfull \hbox (badness 7486) in paragraph at lines 237--237
\TU/TimesNewRoman(0)/m/n/12 lock overhead, latency ổn
 []

)
File: bk_name_en.png Graphic file (type bmp)
<bk_name_en.png>


Package fancyhdr Warning: \headheight is too small (12.0pt): 
(fancyhdr)                Make it at least 32.34152pt, for example:
(fancyhdr)                \setlength{\headheight}{32.34152pt}.
(fancyhdr)                You might also make \topmargin smaller:
(fancyhdr)                \addtolength{\topmargin}{-20.34152pt}.

[63]
File: bk_name_en.png Graphic file (type bmp)
<bk_name_en.png>


Package fancyhdr Warning: \headheight is too small (12.0pt): 
(fancyhdr)                Make it at least 32.34152pt, for example:
(fancyhdr)                \setlength{\headheight}{32.34152pt}.
(fancyhdr)                You might also make \topmargin smaller:
(fancyhdr)                \addtolength{\topmargin}{-20.34152pt}.

[64]) (chapter/app.tex
Chương 3.

Underfull \hbox (badness 10000) in paragraph at lines 23--30

 []

File: bk_name_en.png Graphic file (type bmp)
<bk_name_en.png>

Package fancyhdr Warning: \headheight is too small (12.0pt): 
(fancyhdr)                Make it at least 32.34152pt, for example:
(fancyhdr)                \setlength{\headheight}{32.34152pt}.
(fancyhdr)                You might also make \topmargin smaller:
(fancyhdr)                \addtolength{\topmargin}{-20.34152pt}.

[65

]
File: bk_name_en.png Graphic file (type bmp)
<bk_name_en.png>


Package fancyhdr Warning: \headheight is too small (12.0pt): 
(fancyhdr)                Make it at least 32.34152pt, for example:
(fancyhdr)                \setlength{\headheight}{32.34152pt}.
(fancyhdr)                You might also make \topmargin smaller:
(fancyhdr)                \addtolength{\topmargin}{-20.34152pt}.

[66]
File: figures/Kha/erd.drawio.png Graphic file (type bmp)
<figures/Kha/erd.drawio.png>
File: figures/Kha/mapping.drawio.png Graphic file (type bmp)
<figures/Kha/mapping.drawio.png>
File: bk_name_en.png Graphic file (type bmp)
<bk_name_en.png>


Package fancyhdr Warning: \headheight is too small (12.0pt): 
(fancyhdr)                Make it at least 32.34152pt, for example:
(fancyhdr)                \setlength{\headheight}{32.34152pt}.
(fancyhdr)                You might also make \topmargin smaller:
(fancyhdr)                \addtolength{\topmargin}{-20.34152pt}.

[67])
File: bk_name_en.png Graphic file (type bmp)
<bk_name_en.png>


Package fancyhdr Warning: \headheight is too small (12.0pt): 
(fancyhdr)                Make it at least 32.34152pt, for example:
(fancyhdr)                \setlength{\headheight}{32.34152pt}.
(fancyhdr)                You might also make \topmargin smaller:
(fancyhdr)                \addtolength{\topmargin}{-20.34152pt}.

[68]
Overfull \hbox (24.45653pt too wide) in paragraph at lines 153--154
[]\TU/TimesNewRoman(0)/m/n/12 Reference Link to Github: []$[][][][][] [] [] [] 
[][][][][][] [] [][][] [] [][][][][][][][][] [] [][][][][][][][][][][][][][][][
][][][] []
 []


Overfull \hbox (28.99168pt too wide) in paragraph at lines 154--155
[]\TU/TimesNewRoman(0)/m/n/12 Reference Link to Figma: []$[][][][][] [] [] [] [
][][] [] [][][][][] [] [][][] [] [][][][] [] [][][][][][][][][][][][][][][][][]
[][][][][] []
 []


Overfull \hbox (16.3793pt too wide) in paragraph at lines 154--155
[][][][][][][][][][][][][][][][][][][][][][][][][][][][][][][][][][] [] [] [] [
][][][][][][][][][][][][][][][][][][][] [] [][][][][][][][][][] []
 []

File: bk_name_en.png Graphic file (type bmp)
<bk_name_en.png>

Package fancyhdr Warning: \headheight is too small (12.0pt): 
(fancyhdr)                Make it at least 32.34152pt, for example:
(fancyhdr)                \setlength{\headheight}{32.34152pt}.
(fancyhdr)                You might also make \topmargin smaller:
(fancyhdr)                \addtolength{\topmargin}{-20.34152pt}.

[69] 
enddocument/afterlastpage (AED): lastpage setting LastPage.
(c:/Users\khela\Downloads\DBMS\report\out\main.aux)
 ***********
LaTeX2e <2025-11-01>
L3 programming layer <2026-01-19>
 ***********


LaTeX Warning: There were multiply-defined labels.

Package rerunfilecheck Info: File `main.out' has not changed.
(rerunfilecheck)             Checksum: C632718A18B351013CF715B6E4885BDD;8283.
 ) 
Here is how much of TeX's memory you used:
 33701 strings out of 402983
 709819 string characters out of 5454071
 1640340 words of memory out of 5000000
 61771 multiletter control sequences out of 15000+600000
 633191 words of font info for 107 fonts, out of 8000000 for 9000
 1348 hyphenation exceptions out of 8191
 86i,13n,99p,789b,2046s stack positions out of 10000i,1000n,20000p,200000b,200000s

Output written on c:/Users\khela\Downloads\DBMS\report\out\main.pdf (69 pages).

